Component: ARM Compiler 5.06 update 1 (build 61) Tool: armlink [4d35a8]

==============================================================================

Section Cross References

    startup_py32f002bxx.o(RESET) refers to startup_py32f002bxx.o(STACK) for __initial_sp
    startup_py32f002bxx.o(RESET) refers to startup_py32f002bxx.o(.text) for Reset_Handler
    startup_py32f002bxx.o(RESET) refers to py32f002b_it.o(i.NMI_Handler) for NMI_Handler
    startup_py32f002bxx.o(RESET) refers to py32f002b_it.o(i.HardFault_Handler) for HardFault_Handler
    startup_py32f002bxx.o(RESET) refers to py32f002b_it.o(i.SVC_Handler) for SVC_Handler
    startup_py32f002bxx.o(RESET) refers to py32f002b_it.o(i.PendSV_Handler) for PendSV_Handler
    startup_py32f002bxx.o(RESET) refers to py32f002b_it.o(i.SysTick_Handler) for SysTick_Handler
    startup_py32f002bxx.o(RESET) refers to remote.o(i.EXTI0_1_IRQHandler) for EXTI0_1_IRQHandler
    startup_py32f002bxx.o(RESET) refers to remote.o(i.EXTI4_15_IRQHandler) for EXTI4_15_IRQHandler
    startup_py32f002bxx.o(RESET) refers to py32f002b_it.o(i.TIM1_BRK_UP_TRG_COM_IRQHandler) for TIM1_BRK_UP_TRG_COM_IRQHandler
    startup_py32f002bxx.o(.text) refers to system_py32f002b.o(i.SystemInit) for SystemInit
    startup_py32f002bxx.o(.text) refers to entry.o(.ARM.Collect$$$$00000000) for __main
    userflash.o(i.sys_data_write) refers to memseta.o(.text) for __aeabi_memclr4
    userflash.o(i.sys_data_write) refers to py32f002b_hal_flash.o(i.HAL_FLASH_Unlock) for HAL_FLASH_Unlock
    userflash.o(i.sys_data_write) refers to py32f002b_hal_flash.o(i.HAL_FLASH_Erase) for HAL_FLASH_Erase
    userflash.o(i.sys_data_write) refers to printf1.o(i.__0printf$1) for __2printf
    userflash.o(i.sys_data_write) refers to py32f002b_hal_flash.o(i.HAL_FLASH_Program) for HAL_FLASH_Program
    userflash.o(i.sys_data_write) refers to py32f002b_hal_flash.o(i.HAL_FLASH_Lock) for HAL_FLASH_Lock
    func.o(i.CountdownTimeDispaly) refers to uidiv.o(.text) for __aeabi_uidivmod
    func.o(i.CountdownTimeDispaly) refers to idiv.o(.text) for __aeabi_idivmod
    func.o(i.CountdownTimeDispaly) refers to hc595.o(i.SIG_Display) for SIG_Display
    func.o(i.CountdownTimeDispaly) refers to func.o(.bss) for TimeMsg
    func.o(i.CountdownTimeDispaly) refers to func.o(.data) for DocFlickerFlag
    func.o(i.CountdownTimeHand) refers to func.o(.bss) for TimeMsg
    func.o(i.CountdownTimeHand) refers to func.o(.data) for DocFlickerFlag
    func.o(i.DisplayFunc) refers to hc595.o(i.SIG_Display) for SIG_Display
    func.o(i.DisplayFunc) refers to py32f002b_hal_gpio.o(i.HAL_GPIO_WritePin) for HAL_GPIO_WritePin
    func.o(i.DisplayFunc) refers to func.o(i.__ARM_common_switch8) for __ARM_common_switch8
    func.o(i.DisplayFunc) refers to func.o(i.CountdownTimeDispaly) for CountdownTimeDispaly
    func.o(i.DisplayFunc) refers to func.o(.data) for SysState
    func.o(i.DisplayFunc) refers to func.o(.bss) for TimeMsg
    func.o(i.EnableMode) refers to func.o(i.__ARM_common_switch8) for __ARM_common_switch8
    func.o(i.EnableMode) refers to func.o(.data) for ModeChangeFlag
    func.o(i.EnableMode) refers to func.o(.bss) for TimeMsg
    func.o(i.IrDelayDecet) refers to py32f002b_hal_gpio.o(i.HAL_GPIO_ReadPin) for HAL_GPIO_ReadPin
    func.o(i.IrDelayDecet) refers to func.o(.data) for EliminateState
    func.o(i.ModeAdjust) refers to func.o(i.__ARM_common_switch8) for __ARM_common_switch8
    func.o(i.ModeAdjust) refers to hc595.o(i.SIG_Display) for SIG_Display
    func.o(i.ModeAdjust) refers to key_event.o(.data) for KeyState
    func.o(i.ModeAdjust) refers to func.o(.data) for SysMode
    func.o(i.SysStateChangeHand) refers to func.o(.data) for AutoEnterModeStart
    hc595.o(i.Hc595_Init) refers to py32f002b_hal_gpio.o(i.HAL_GPIO_Init) for HAL_GPIO_Init
    hc595.o(i.Hc595_Init) refers to py32f002b_hal_gpio.o(i.HAL_GPIO_WritePin) for HAL_GPIO_WritePin
    hc595.o(i.Hc595_Init) refers to hc595.o(i.SIG_Display) for SIG_Display
    hc595.o(i.SIG_Display) refers to func.o(i.__ARM_common_switch8) for __ARM_common_switch8
    hc595.o(i.SIG_Display) refers to hc595.o(i.hc59_shift) for hc59_shift
    hc595.o(i.SIG_Display) refers to hc595.o(i.hc59_display) for hc59_display
    hc595.o(i.SIG_Display) refers to hc595.o(.data) for LED_0F
    hc595.o(i.hc59_display) refers to py32f002b_hal_gpio.o(i.HAL_GPIO_WritePin) for HAL_GPIO_WritePin
    hc595.o(i.hc59_shift) refers to py32f002b_hal_gpio.o(i.HAL_GPIO_WritePin) for HAL_GPIO_WritePin
    key_drive.o(i.KEY_Init) refers to py32f002b_hal_gpio.o(i.HAL_GPIO_Init) for HAL_GPIO_Init
    key_drive.o(i.KeyTimeGroup) refers to key_drive.o(i.KeyCnt) for KeyCnt
    key_drive.o(i.KeyTimeGroup) refers to key_drive.o(.bss) for KeyUpInfo
    key_drive.o(i.key_botton_scan) refers to py32f002b_hal_gpio.o(i.HAL_GPIO_ReadPin) for HAL_GPIO_ReadPin
    key_drive.o(i.key_scan) refers to key_drive.o(i.key_botton_scan) for key_botton_scan
[...]
    printf7.o(i._printf_core) refers to printf7.o(i._printf_post_padding) for _printf_post_padding
    printf7.o(i._printf_core) refers to uldiv.o(.text) for __aeabi_uldivmod
    printf8.o(i.__0fprintf$8) refers to printf8.o(i._printf_core) for _printf_core
    printf8.o(i.__0fprintf$8) refers to fputc.o(i.fputc) for fputc
    printf8.o(i.__0printf$8) refers to printf8.o(i._printf_core) for _printf_core
    printf8.o(i.__0printf$8) refers to fputc.o(i.fputc) for fputc
    printf8.o(i.__0printf$8) refers to stdout.o(.data) for __stdout
    printf8.o(i.__0snprintf$8) refers to printf8.o(i._printf_core) for _printf_core
    printf8.o(i.__0snprintf$8) refers to printf8.o(i._snputc) for _snputc
    printf8.o(i.__0sprintf$8) refers to printf8.o(i._printf_core) for _printf_core
    printf8.o(i.__0sprintf$8) refers to printf8.o(i._sputc) for _sputc
    printf8.o(i.__0vfprintf$8) refers to printf8.o(i._printf_core) for _printf_core
    printf8.o(i.__0vfprintf$8) refers to fputc.o(i.fputc) for fputc
    printf8.o(i.__0vprintf$8) refers to printf8.o(i._printf_core) for _printf_core
    printf8.o(i.__0vprintf$8) refers to fputc.o(i.fputc) for fputc
    printf8.o(i.__0vprintf$8) refers to stdout.o(.data) for __stdout
    printf8.o(i.__0vsnprintf$8) refers to printf8.o(i._printf_core) for _printf_core
    printf8.o(i.__0vsnprintf$8) refers to printf8.o(i._snputc) for _snputc
    printf8.o(i.__0vsprintf$8) refers to printf8.o(i._printf_core) for _printf_core
    printf8.o(i.__0vsprintf$8) refers to printf8.o(i._sputc) for _sputc
    printf8.o(i._printf_core) refers to printf8.o(i._printf_pre_padding) for _printf_pre_padding
    printf8.o(i._printf_core) refers to printf8.o(i._printf_post_padding) for _printf_post_padding
    printf8.o(i._printf_core) refers to uldiv.o(.text) for __aeabi_uldivmod
    printfa.o(i.__0fprintf) refers (Special) to iusefp.o(.text) for __I$use$fp
    printfa.o(i.__0fprintf) refers to printfa.o(i._printf_core) for _printf_core
    printfa.o(i.__0fprintf) refers to fputc.o(i.fputc) for fputc
    printfa.o(i.__0printf) refers (Special) to iusefp.o(.text) for __I$use$fp
    printfa.o(i.__0printf) refers to printfa.o(i._printf_core) for _printf_core
    printfa.o(i.__0printf) refers to fputc.o(i.fputc) for fputc
    printfa.o(i.__0printf) refers to stdout.o(.data) for __stdout
    printfa.o(i.__0snprintf) refers (Special) to iusefp.o(.text) for __I$use$fp
    printfa.o(i.__0snprintf) refers to printfa.o(i._printf_core) for _printf_core
    printfa.o(i.__0snprintf) refers to printfa.o(i._snputc) for _snputc
    printfa.o(i.__0sprintf) refers (Special) to iusefp.o(.text) for __I$use$fp
    printfa.o(i.__0sprintf) refers to printfa.o(i._printf_core) for _printf_core
    printfa.o(i.__0sprintf) refers to printfa.o(i._sputc) for _sputc
    printfa.o(i.__0vfprintf) refers (Special) to iusefp.o(.text) for __I$use$fp
    printfa.o(i.__0vfprintf) refers to printfa.o(i._printf_core) for _printf_core
    printfa.o(i.__0vfprintf) refers to fputc.o(i.fputc) for fputc
    printfa.o(i.__0vprintf) refers (Special) to iusefp.o(.text) for __I$use$fp
    printfa.o(i.__0vprintf) refers to printfa.o(i._printf_core) for _printf_core
    printfa.o(i.__0vprintf) refers to fputc.o(i.fputc) for fputc
    printfa.o(i.__0vprintf) refers to stdout.o(.data) for __stdout
    printfa.o(i.__0vsnprintf) refers (Special) to iusefp.o(.text) for __I$use$fp
    printfa.o(i.__0vsnprintf) refers to printfa.o(i._printf_core) for _printf_core
    printfa.o(i.__0vsnprintf) refers to printfa.o(i._snputc) for _snputc
    printfa.o(i.__0vsprintf) refers (Special) to iusefp.o(.text) for __I$use$fp
    printfa.o(i.__0vsprintf) refers to printfa.o(i._printf_core) for _printf_core
    printfa.o(i.__0vsprintf) refers to printfa.o(i._sputc) for _sputc
    printfa.o(i._fp_digits) refers (Special) to iusefp.o(.text) for __I$use$fp
    printfa.o(i._fp_digits) refers to dmul.o(.text) for __aeabi_dmul
    printfa.o(i._fp_digits) refers to ddiv.o(.text) for __aeabi_ddiv
    printfa.o(i._fp_digits) refers to cdrcmple.o(.text) for __aeabi_cdrcmple
    printfa.o(i._fp_digits) refers to dadd.o(.text) for __aeabi_dadd
    printfa.o(i._fp_digits) refers to dfixul.o(.text) for __aeabi_d2ulz
    printfa.o(i._fp_digits) refers to uldiv.o(.text) for __aeabi_uldivmod
    printfa.o(i._printf_core) refers (Special) to iusefp.o(.text) for __I$use$fp
    printfa.o(i._printf_core) refers to printfa.o(i._printf_pre_padding) for _printf_pre_padding
    printfa.o(i._printf_core) refers to uldiv.o(.text) for __aeabi_uldivmod
    printfa.o(i._printf_core) refers to printfa.o(i._printf_post_padding) for _printf_post_padding
    printfa.o(i._printf_core) refers to printfa.o(i._fp_digits) for _fp_digits
    printfa.o(i._printf_core) refers to uidiv.o(.text) for __aeabi_uidivmod
    printfa.o(i._printf_post_padding) refers (Special) to iusefp.o(.text) for __I$use$fp
    printfa.o(i._printf_pre_padding) refers (Special) to iusefp.o(.text) for __I$use$fp
    printfa.o(i._snputc) refers (Special) to iusefp.o(.text) for __I$use$fp
    printfa.o(i._sputc) refers (Special) to iusefp.o(.text) for __I$use$fp
    entry2.o(.ARM.Collect$$$$00000001) refers to entry2.o(.ARM.Collect$$$$00002712) for __lit__00000000
    entry2.o(.ARM.Collect$$$$00002712) refers to startup_py32f002bxx.o(STACK) for __initial_sp
    entry2.o(__vectab_stack_and_reset_area) refers to startup_py32f002bxx.o(STACK) for __initial_sp
    entry2.o(__vectab_stack_and_reset_area) refers to entry.o(.ARM.Collect$$$$00000000) for __main
    entry5.o(.ARM.Collect$$$$00000004) refers to init.o(.text) for __scatterload
    entry9a.o(.ARM.Collect$$$$0000000B) refers to main.o(i.main) for main
    entry9b.o(.ARM.Collect$$$$0000000C) refers to main.o(i.main) for main
    fputc.o(i.fputc) refers (Special) to iusesemip.o(.text) for __I$use$semihosting$fputc
    fputc.o(i.fputc) refers (Special) to semi.o(.text) for __semihosting_library_function
    uldiv.o(.text) refers to llushr.o(.text) for __aeabi_llsr
    uldiv.o(.text) refers to llshl.o(.text) for __aeabi_llsl
    dadd.o(.text) refers to llshl.o(.text) for __aeabi_llsl
    dadd.o(.text) refers to llsshr.o(.text) for __aeabi_lasr
    dadd.o(.text) refers to depilogue.o(.text) for _double_epilogue
    dmul.o(.text) refers to depilogue.o(.text) for _double_epilogue
    ddiv.o(.text) refers to depilogue.o(.text) for _double_round
    dfixul.o(.text) refers to llushr.o(.text) for __aeabi_llsr
    dfixul.o(.text) refers to llshl.o(.text) for __aeabi_llsl
    init.o(.text) refers to entry5.o(.ARM.Collect$$$$00000004) for __main_after_scatterload
    depilogue.o(.text) refers to depilogue.o(i.__ARM_clz) for __ARM_clz
    depilogue.o(.text) refers to llshl.o(.text) for __aeabi_llsl
    depilogue.o(.text) refers to llushr.o(.text) for __aeabi_llsr


==============================================================================

Removing Unused input sections from the image.

    Removing startup_py32f002bxx.o(HEAP), (0 bytes).
    Removing userflash.o(.rev16_text), (4 bytes).
    Removing userflash.o(.revsh_text), (4 bytes).
    Removing userflash.o(i.GetSector), (328 bytes).
    Removing userflash.o(i.STM32SystemReset), (56 bytes).
    Removing usart.o(.rev16_text), (4 bytes).
    Removing usart.o(.revsh_text), (4 bytes).
    Removing func.o(.rev16_text), (4 bytes).
    Removing func.o(.revsh_text), (4 bytes).
    Removing hc595.o(.rev16_text), (4 bytes).
    Removing hc595.o(.revsh_text), (4 bytes).
    Removing key_drive.o(.rev16_text), (4 bytes).
    Removing key_drive.o(.revsh_text), (4 bytes).
    Removing key_event.o(.rev16_text), (4 bytes).
    Removing key_event.o(.revsh_text), (4 bytes).
    Removing mixt.o(.rev16_text), (4 bytes).
    Removing mixt.o(.revsh_text), (4 bytes).
    Removing mixt.o(i.GPIO_ToggleBits), (8 bytes).
    Removing remote.o(.rev16_text), (4 bytes).
    Removing remote.o(.revsh_text), (4 bytes).
    Removing main.o(.rev16_text), (4 bytes).
    Removing main.o(.revsh_text), (4 bytes).
    Removing py32f002b_hal_msp.o(.rev16_text), (4 bytes).
    Removing py32f002b_hal_msp.o(.revsh_text), (4 bytes).
    Removing py32f002b_it.o(.rev16_text), (4 bytes).
    Removing py32f002b_it.o(.revsh_text), (4 bytes).
    Removing system_py32f002b.o(.rev16_text), (4 bytes).
    Removing system_py32f002b.o(.revsh_text), (4 bytes).
    Removing system_py32f002b.o(i.SystemCoreClockUpdate), (156 bytes).
    Removing py32f002b_hal.o(.rev16_text), (4 bytes).
    Removing py32f002b_hal.o(.revsh_text), (4 bytes).
    Removing py32f002b_hal.o(i.HAL_DBGMCU_DisableDBGMCUStopMode), (20 bytes).
    Removing py32f002b_hal.o(i.HAL_DBGMCU_EnableDBGMCUStopMode), (20 bytes).
    Removing py32f002b_hal.o(i.HAL_DeInit), (52 bytes).
    Removing py32f002b_hal.o(i.HAL_Delay), (44 bytes).
    Removing py32f002b_hal.o(i.HAL_GetDEVID), (16 bytes).
    Removing py32f002b_hal.o(i.HAL_GetHalVersion), (6 bytes).
    Removing py32f002b_hal.o(i.HAL_GetREVID), (12 bytes).
    Removing py32f002b_hal.o(i.HAL_GetTickFreq), (12 bytes).
    Removing py32f002b_hal.o(i.HAL_GetTickPrio), (12 bytes).
    Removing py32f002b_hal.o(i.HAL_GetUIDw0), (12 bytes).
    Removing py32f002b_hal.o(i.HAL_GetUIDw1), (12 bytes).
    Removing py32f002b_hal.o(i.HAL_GetUIDw2), (12 bytes).
    Removing py32f002b_hal.o(i.HAL_MspDeInit), (2 bytes).
    Removing py32f002b_hal.o(i.HAL_MspInit), (2 bytes).
    Removing py32f002b_hal.o(i.HAL_ResumeTick), (20 bytes).
    Removing py32f002b_hal.o(i.HAL_SYSCFG_DisableGPIONoiseFilter), (72 bytes).
    Removing py32f002b_hal.o(i.HAL_SYSCFG_DisableI2CFastModePlus), (16 bytes).
    Removing py32f002b_hal.o(i.HAL_SYSCFG_EnableGPIONoiseFilter), (72 bytes).
    Removing py32f002b_hal.o(i.HAL_SYSCFG_EnableI2CFastModePlus), (16 bytes).
    Removing py32f002b_hal.o(i.HAL_SYSCFG_GetRemapMemory), (16 bytes).
    Removing py32f002b_hal.o(i.HAL_SYSCFG_GetTIM1CH1Source), (16 bytes).
    Removing py32f002b_hal.o(i.HAL_SYSCFG_SetRemapMemory), (20 bytes).
    Removing py32f002b_hal.o(i.HAL_SYSCFG_SetTIM1CH1Source), (20 bytes).
    Removing py32f002b_hal.o(i.HAL_SYSCFG_TIM1ETRSource), (24 bytes).
    Removing py32f002b_hal.o(i.HAL_SetTickFreq), (44 bytes).
    Removing py32f002b_hal.o(i.HAL_SuspendTick), (20 bytes).
    Removing py32f002b_hal_adc.o(.rev16_text), (4 bytes).
    Removing py32f002b_hal_adc.o(.revsh_text), (4 bytes).
    Removing py32f002b_hal_adc.o(i.ADC_ConversionStop), (108 bytes).
    Removing py32f002b_hal_adc.o(i.ADC_Disable), (140 bytes).
    Removing py32f002b_hal_adc.o(i.ADC_Enable), (124 bytes).
    Removing py32f002b_hal_adc.o(i.HAL_ADC_AnalogWDGConfig), (212 bytes).
    Removing py32f002b_hal_adc.o(i.HAL_ADC_Calibration_GetStatus), (132 bytes).
    Removing py32f002b_hal_adc.o(i.HAL_ADC_Calibration_SetAndStart), (196 bytes).
    Removing py32f002b_hal_adc.o(i.HAL_ADC_Calibration_Start), (158 bytes).
    Removing py32f002b_hal_adc.o(i.HAL_ADC_ConfigChannel), (392 bytes).
    Removing py32f002b_hal_adc.o(i.HAL_ADC_ConfigVrefBuf), (80 bytes).
    Removing py32f002b_hal_adc.o(i.HAL_ADC_ConvCpltCallback), (2 bytes).
    Removing py32f002b_hal_adc.o(i.HAL_ADC_ConvHalfCpltCallback), (2 bytes).
    Removing py32f002b_hal_adc.o(i.HAL_ADC_DeInit), (196 bytes).
    Removing py32f002b_hal_adc.o(i.HAL_ADC_ErrorCallback), (2 bytes).
    Removing py32f002b_hal_adc.o(i.HAL_ADC_GetError), (6 bytes).
    Removing py32f002b_hal_adc.o(i.HAL_ADC_GetState), (6 bytes).
    Removing py32f002b_hal_adc.o(i.HAL_ADC_GetValue), (8 bytes).
    Removing py32f002b_hal_adc.o(i.HAL_ADC_IRQHandler), (266 bytes).
    Removing py32f002b_hal_adc.o(i.HAL_ADC_Init), (408 bytes).
    Removing py32f002b_hal_adc.o(i.HAL_ADC_LevelOutOfWindowCallback), (2 bytes).
    Removing py32f002b_hal_adc.o(i.HAL_ADC_MspDeInit), (2 bytes).
    Removing py32f002b_hal_adc.o(i.HAL_ADC_MspInit), (2 bytes).
    Removing py32f002b_hal_adc.o(i.HAL_ADC_PollForConversion), (194 bytes).
    Removing py32f002b_hal_adc.o(i.HAL_ADC_PollForEvent), (138 bytes).
    Removing py32f002b_hal_adc.o(i.HAL_ADC_Start), (112 bytes).
    Removing py32f002b_hal_adc.o(i.HAL_ADC_Start_IT), (160 bytes).
    Removing py32f002b_hal_adc.o(i.HAL_ADC_Stop), (80 bytes).
    Removing py32f002b_hal_adc.o(i.HAL_ADC_Stop_IT), (92 bytes).
    Removing py32f002b_hal_comp.o(.rev16_text), (4 bytes).
    Removing py32f002b_hal_comp.o(.revsh_text), (4 bytes).
    Removing py32f002b_hal_cortex.o(.rev16_text), (4 bytes).
    Removing py32f002b_hal_cortex.o(.revsh_text), (4 bytes).
    Removing py32f002b_hal_cortex.o(i.HAL_NVIC_ClearPendingIRQ), (24 bytes).
    Removing py32f002b_hal_cortex.o(i.HAL_NVIC_DisableIRQ), (24 bytes).
    Removing py32f002b_hal_cortex.o(i.HAL_NVIC_GetPendingIRQ), (40 bytes).
    Removing py32f002b_hal_cortex.o(i.HAL_NVIC_GetPriority), (72 bytes).
    Removing py32f002b_hal_cortex.o(i.HAL_NVIC_SetPendingIRQ), (24 bytes).
    Removing py32f002b_hal_cortex.o(i.HAL_NVIC_SystemReset), (56 bytes).
    Removing py32f002b_hal_cortex.o(i.HAL_SYSTICK_CLKSourceConfig), (36 bytes).
    Removing py32f002b_hal_cortex.o(i.HAL_SYSTICK_Callback), (2 bytes).
    Removing py32f002b_hal_cortex.o(i.HAL_SYSTICK_IRQHandler), (8 bytes).
    Removing py32f002b_hal_crc.o(.rev16_text), (4 bytes).
    Removing py32f002b_hal_crc.o(.revsh_text), (4 bytes).
    Removing py32f002b_hal_exti.o(.rev16_text), (4 bytes).
    Removing py32f002b_hal_exti.o(.revsh_text), (4 bytes).
    Removing py32f002b_hal_exti.o(i.HAL_EXTI_ClearConfigLine), (128 bytes).
    Removing py32f002b_hal_exti.o(i.HAL_EXTI_ClearPending), (24 bytes).
    Removing py32f002b_hal_exti.o(i.HAL_EXTI_GenerateSWI), (24 bytes).
    Removing py32f002b_hal_exti.o(i.HAL_EXTI_GetConfigLine), (184 bytes).
    Removing py32f002b_hal_exti.o(i.HAL_EXTI_GetHandle), (16 bytes).
    Removing py32f002b_hal_exti.o(i.HAL_EXTI_GetPending), (36 bytes).
    Removing py32f002b_hal_exti.o(i.HAL_EXTI_IRQHandler), (48 bytes).
    Removing py32f002b_hal_exti.o(i.HAL_EXTI_RegisterCallback), (22 bytes).
    Removing py32f002b_hal_exti.o(i.HAL_EXTI_SetConfigLine), (252 bytes).
    Removing py32f002b_hal_flash.o(.rev16_text), (4 bytes).
    Removing py32f002b_hal_flash.o(.revsh_text), (4 bytes).
    Removing py32f002b_hal_flash.o(i.FLASH_OB_OptrConfig), (36 bytes).
    Removing py32f002b_hal_flash.o(i.HAL_FLASH_EndOfOperationCallback), (2 bytes).
    Removing py32f002b_hal_flash.o(i.HAL_FLASH_Erase_IT), (492 bytes).
    Removing py32f002b_hal_flash.o(i.HAL_FLASH_GetError), (12 bytes).
    Removing py32f002b_hal_flash.o(i.HAL_FLASH_IRQHandler), (296 bytes).
    Removing py32f002b_hal_flash.o(i.HAL_FLASH_OBBOOTGetConfig), (28 bytes).
    Removing py32f002b_hal_flash.o(i.HAL_FLASH_OBBOOTProgram), (456 bytes).
    Removing py32f002b_hal_flash.o(i.HAL_FLASH_OBGetConfig), (64 bytes).
    Removing py32f002b_hal_flash.o(i.HAL_FLASH_OBProgram), (492 bytes).
    Removing py32f002b_hal_flash.o(i.HAL_FLASH_OB_Launch), (24 bytes).
    Removing py32f002b_hal_flash.o(i.HAL_FLASH_OB_Lock), (36 bytes).
    Removing py32f002b_hal_flash.o(i.HAL_FLASH_OB_Unlock), (52 bytes).
    Removing py32f002b_hal_flash.o(i.HAL_FLASH_OperationErrorCallback), (2 bytes).
    Removing py32f002b_hal_flash.o(i.HAL_FLASH_PageProgram), (18 bytes).
    Removing py32f002b_hal_flash.o(i.HAL_FLASH_PageProgram_IT), (18 bytes).
    Removing py32f002b_hal_flash.o(i.HAL_FLASH_Program_IT), (436 bytes).
    Removing py32f002b_hal_gpio.o(.rev16_text), (4 bytes).
    Removing py32f002b_hal_gpio.o(.revsh_text), (4 bytes).
    Removing py32f002b_hal_gpio.o(i.HAL_GPIO_DeInit), (244 bytes).
    Removing py32f002b_hal_gpio.o(i.HAL_GPIO_EXTI_Callback), (2 bytes).
    Removing py32f002b_hal_gpio.o(i.HAL_GPIO_EXTI_IRQHandler), (32 bytes).
    Removing py32f002b_hal_gpio.o(i.HAL_GPIO_LockPin), (50 bytes).
    Removing py32f002b_hal_gpio.o(i.HAL_GPIO_TogglePin), (16 bytes).
    Removing py32f002b_hal_i2c.o(.rev16_text), (4 bytes).
    Removing py32f002b_hal_i2c.o(.revsh_text), (4 bytes).
    Removing py32f002b_hal_iwdg.o(.rev16_text), (4 bytes).
    Removing py32f002b_hal_iwdg.o(.revsh_text), (4 bytes).
    Removing py32f002b_hal_lptim.o(.rev16_text), (4 bytes).
    Removing py32f002b_hal_lptim.o(.revsh_text), (4 bytes).
    Removing py32f002b_hal_pwr.o(.rev16_text), (4 bytes).
    Removing py32f002b_hal_pwr.o(.revsh_text), (4 bytes).
    Removing py32f002b_hal_pwr.o(i.HAL_PWR_ConfigBIAS), (60 bytes).
    Removing py32f002b_hal_pwr.o(i.HAL_PWR_ConfigStopMode), (40 bytes).
    Removing py32f002b_hal_pwr.o(i.HAL_PWR_DeInit), (32 bytes).
    Removing py32f002b_hal_pwr.o(i.HAL_PWR_DisableSEVOnPend), (20 bytes).
    Removing py32f002b_hal_pwr.o(i.HAL_PWR_DisableSleepOnExit), (20 bytes).
    Removing py32f002b_hal_pwr.o(i.HAL_PWR_EnableSEVOnPend), (20 bytes).
    Removing py32f002b_hal_pwr.o(i.HAL_PWR_EnableSleepOnExit), (20 bytes).
    Removing py32f002b_hal_pwr.o(i.HAL_PWR_EnterSLEEPMode), (32 bytes).
    Removing py32f002b_hal_pwr.o(i.HAL_PWR_EnterSTOPMode), (64 bytes).
    Removing py32f002b_hal_rcc.o(.rev16_text), (4 bytes).
    Removing py32f002b_hal_rcc.o(.revsh_text), (4 bytes).
    Removing py32f002b_hal_rcc.o(i.HAL_RCC_CSSCallback), (2 bytes).
    Removing py32f002b_hal_rcc.o(i.HAL_RCC_DeInit), (168 bytes).
    Removing py32f002b_hal_rcc.o(i.HAL_RCC_DisableLSECSS), (20 bytes).
    Removing py32f002b_hal_rcc.o(i.HAL_RCC_EnableLSECSS), (20 bytes).
    Removing py32f002b_hal_rcc.o(i.HAL_RCC_GetClockConfig), (60 bytes).
    Removing py32f002b_hal_rcc.o(i.HAL_RCC_GetHCLKFreq), (12 bytes).
    Removing py32f002b_hal_rcc.o(i.HAL_RCC_GetOscConfig), (172 bytes).
    Removing py32f002b_hal_rcc.o(i.HAL_RCC_GetPCLK1Freq), (40 bytes).
    Removing py32f002b_hal_rcc.o(i.HAL_RCC_LSECSSCallback), (2 bytes).
    Removing py32f002b_hal_rcc.o(i.HAL_RCC_MCOConfig), (160 bytes).
    Removing py32f002b_hal_rcc.o(i.HAL_RCC_NMI_IRQHandler), (32 bytes).
    Removing py32f002b_hal_rcc_ex.o(.rev16_text), (4 bytes).
    Removing py32f002b_hal_rcc_ex.o(.revsh_text), (4 bytes).
    Removing py32f002b_hal_rcc_ex.o(i.HAL_RCCEx_DisableLSCO), (2 bytes).
    Removing py32f002b_hal_rcc_ex.o(i.HAL_RCCEx_EnableLSCO), (24 bytes).
    Removing py32f002b_hal_rcc_ex.o(i.HAL_RCCEx_GetPeriphCLKConfig), (68 bytes).
    Removing py32f002b_hal_rcc_ex.o(i.HAL_RCCEx_GetPeriphCLKFreq), (284 bytes).
    Removing py32f002b_hal_rcc_ex.o(i.HAL_RCCEx_PeriphCLKConfig), (188 bytes).
    Removing py32f002b_hal_spi.o(.rev16_text), (4 bytes).
    Removing py32f002b_hal_spi.o(.revsh_text), (4 bytes).
    Removing py32f002b_hal_tim.o(.rev16_text), (4 bytes).
    Removing py32f002b_hal_tim.o(.revsh_text), (4 bytes).
    Removing py32f002b_hal_tim.o(i.HAL_TIM_Base_DeInit), (72 bytes).
    Removing py32f002b_hal_tim.o(i.HAL_TIM_Base_GetState), (6 bytes).
    Removing py32f002b_hal_tim.o(i.HAL_TIM_Base_MspDeInit), (2 bytes).
    Removing py32f002b_hal_tim.o(i.HAL_TIM_Base_MspInit), (2 bytes).
    Removing py32f002b_hal_tim.o(i.HAL_TIM_Base_Start), (38 bytes).
    Removing py32f002b_hal_tim.o(i.HAL_TIM_Base_Stop), (60 bytes).
    Removing py32f002b_hal_tim.o(i.HAL_TIM_Base_Stop_IT), (64 bytes).
    Removing py32f002b_hal_tim.o(i.HAL_TIM_ConfigClockSource), (262 bytes).
    Removing py32f002b_hal_tim.o(i.HAL_TIM_ConfigOCrefClear), (312 bytes).
    Removing py32f002b_hal_tim.o(i.HAL_TIM_ConfigTI1Input), (32 bytes).
    Removing py32f002b_hal_tim.o(i.HAL_TIM_Encoder_DeInit), (72 bytes).
    Removing py32f002b_hal_tim.o(i.HAL_TIM_Encoder_GetState), (6 bytes).
    Removing py32f002b_hal_tim.o(i.HAL_TIM_Encoder_Init), (184 bytes).
    Removing py32f002b_hal_tim.o(i.HAL_TIM_Encoder_MspDeInit), (2 bytes).
    Removing py32f002b_hal_tim.o(i.HAL_TIM_Encoder_MspInit), (2 bytes).
    Removing py32f002b_hal_tim.o(i.HAL_TIM_Encoder_Start), (80 bytes).
    Removing py32f002b_hal_tim.o(i.HAL_TIM_Encoder_Start_IT), (128 bytes).
    Removing py32f002b_hal_tim.o(i.HAL_TIM_Encoder_Stop), (112 bytes).
    Removing py32f002b_hal_tim.o(i.HAL_TIM_Encoder_Stop_IT), (160 bytes).
    Removing py32f002b_hal_tim.o(i.HAL_TIM_ErrorCallback), (2 bytes).
    Removing py32f002b_hal_tim.o(i.HAL_TIM_GenerateEvent), (44 bytes).
    Removing py32f002b_hal_tim.o(i.HAL_TIM_IC_CaptureHalfCpltCallback), (2 bytes).
    Removing py32f002b_hal_tim.o(i.HAL_TIM_IC_ConfigChannel), (216 bytes).
    Removing py32f002b_hal_tim.o(i.HAL_TIM_IC_DeInit), (72 bytes).
    Removing py32f002b_hal_tim.o(i.HAL_TIM_IC_GetState), (6 bytes).
    Removing py32f002b_hal_tim.o(i.HAL_TIM_IC_Init), (46 bytes).
    Removing py32f002b_hal_tim.o(i.HAL_TIM_IC_MspDeInit), (2 bytes).
    Removing py32f002b_hal_tim.o(i.HAL_TIM_IC_MspInit), (2 bytes).
    Removing py32f002b_hal_tim.o(i.HAL_TIM_IC_Start), (44 bytes).
    Removing py32f002b_hal_tim.o(i.HAL_TIM_IC_Start_IT), (122 bytes).
    Removing py32f002b_hal_tim.o(i.HAL_TIM_IC_Stop), (64 bytes).
    Removing py32f002b_hal_tim.o(i.HAL_TIM_IC_Stop_IT), (144 bytes).
    Removing py32f002b_hal_tim.o(i.HAL_TIM_OC_ConfigChannel), (108 bytes).
    Removing py32f002b_hal_tim.o(i.HAL_TIM_OC_DeInit), (72 bytes).
    Removing py32f002b_hal_tim.o(i.HAL_TIM_OC_GetState), (6 bytes).
    Removing py32f002b_hal_tim.o(i.HAL_TIM_OC_Init), (46 bytes).
    Removing py32f002b_hal_tim.o(i.HAL_TIM_OC_MspDeInit), (2 bytes).
    Removing py32f002b_hal_tim.o(i.HAL_TIM_OC_MspInit), (2 bytes).
    Removing py32f002b_hal_tim.o(i.HAL_TIM_OC_Start), (92 bytes).
    Removing py32f002b_hal_tim.o(i.HAL_TIM_OC_Start_IT), (172 bytes).
    Removing py32f002b_hal_tim.o(i.HAL_TIM_OC_Stop), (140 bytes).
    Removing py32f002b_hal_tim.o(i.HAL_TIM_OC_Stop_IT), (220 bytes).
    Removing py32f002b_hal_tim.o(i.HAL_TIM_OnePulse_ConfigChannel), (286 bytes).
    Removing py32f002b_hal_tim.o(i.HAL_TIM_OnePulse_DeInit), (72 bytes).
    Removing py32f002b_hal_tim.o(i.HAL_TIM_OnePulse_GetState), (6 bytes).
    Removing py32f002b_hal_tim.o(i.HAL_TIM_OnePulse_Init), (70 bytes).
    Removing py32f002b_hal_tim.o(i.HAL_TIM_OnePulse_MspDeInit), (2 bytes).
    Removing py32f002b_hal_tim.o(i.HAL_TIM_OnePulse_MspInit), (2 bytes).
    Removing py32f002b_hal_tim.o(i.HAL_TIM_OnePulse_Start), (80 bytes).
    Removing py32f002b_hal_tim.o(i.HAL_TIM_OnePulse_Start_IT), (104 bytes).
    Removing py32f002b_hal_tim.o(i.HAL_TIM_OnePulse_Stop), (152 bytes).
    Removing py32f002b_hal_tim.o(i.HAL_TIM_OnePulse_Stop_IT), (176 bytes).
    Removing py32f002b_hal_tim.o(i.HAL_TIM_PWM_ConfigChannel), (264 bytes).
    Removing py32f002b_hal_tim.o(i.HAL_TIM_PWM_DeInit), (72 bytes).
    Removing py32f002b_hal_tim.o(i.HAL_TIM_PWM_GetState), (6 bytes).
    Removing py32f002b_hal_tim.o(i.HAL_TIM_PWM_Init), (46 bytes).
    Removing py32f002b_hal_tim.o(i.HAL_TIM_PWM_MspDeInit), (2 bytes).
    Removing py32f002b_hal_tim.o(i.HAL_TIM_PWM_MspInit), (2 bytes).
    Removing py32f002b_hal_tim.o(i.HAL_TIM_PWM_PulseFinishedHalfCpltCallback), (2 bytes).
    Removing py32f002b_hal_tim.o(i.HAL_TIM_PWM_Start), (92 bytes).
    Removing py32f002b_hal_tim.o(i.HAL_TIM_PWM_Start_IT), (172 bytes).
    Removing py32f002b_hal_tim.o(i.HAL_TIM_PWM_Stop), (144 bytes).
    Removing py32f002b_hal_tim.o(i.HAL_TIM_PWM_Stop_IT), (220 bytes).
    Removing py32f002b_hal_tim.o(i.HAL_TIM_PeriodElapsedCallback), (2 bytes).
    Removing py32f002b_hal_tim.o(i.HAL_TIM_PeriodElapsedHalfCpltCallback), (2 bytes).
    Removing py32f002b_hal_tim.o(i.HAL_TIM_ReadCapturedValue), (52 bytes).
    Removing py32f002b_hal_tim.o(i.HAL_TIM_SlaveConfigSynchro), (84 bytes).
    Removing py32f002b_hal_tim.o(i.HAL_TIM_SlaveConfigSynchro_IT), (84 bytes).
    Removing py32f002b_hal_tim.o(i.HAL_TIM_TriggerHalfCpltCallback), (2 bytes).
    Removing py32f002b_hal_tim.o(i.TIM_CCxChannelCmd), (34 bytes).
    Removing py32f002b_hal_tim.o(i.TIM_ETR_SetConfig), (28 bytes).
    Removing py32f002b_hal_tim.o(i.TIM_ITRx_SetConfig), (24 bytes).
    Removing py32f002b_hal_tim.o(i.TIM_OC1_SetConfig), (140 bytes).
    Removing py32f002b_hal_tim.o(i.TIM_OC2_SetConfig), (156 bytes).
    Removing py32f002b_hal_tim.o(i.TIM_OC3_SetConfig), (152 bytes).
    Removing py32f002b_hal_tim.o(i.TIM_OC4_SetConfig), (108 bytes).
    Removing py32f002b_hal_tim.o(i.TIM_SlaveTimer_SetConfig), (176 bytes).
    Removing py32f002b_hal_tim.o(i.TIM_TI1_ConfigInputStage), (50 bytes).
    Removing py32f002b_hal_tim.o(i.TIM_TI1_SetConfig), (88 bytes).
    Removing py32f002b_hal_tim.o(i.TIM_TI2_ConfigInputStage), (50 bytes).
    Removing py32f002b_hal_tim.o(i.TIM_TI2_SetConfig), (72 bytes).
    Removing py32f002b_hal_tim.o(i.TIM_TI3_SetConfig), (70 bytes).
    Removing py32f002b_hal_tim.o(i.TIM_TI4_SetConfig), (78 bytes).
    Removing py32f002b_hal_tim_ex.o(.rev16_text), (4 bytes).
    Removing py32f002b_hal_tim_ex.o(.revsh_text), (4 bytes).
    Removing py32f002b_hal_tim_ex.o(i.HAL_TIMEx_CommutHalfCpltCallback), (2 bytes).
    Removing py32f002b_hal_tim_ex.o(i.HAL_TIMEx_ConfigBreakDeadTime), (134 bytes).
    Removing py32f002b_hal_tim_ex.o(i.HAL_TIMEx_ConfigCommutEvent), (118 bytes).
    Removing py32f002b_hal_tim_ex.o(i.HAL_TIMEx_ConfigCommutEvent_IT), (118 bytes).
    Removing py32f002b_hal_tim_ex.o(i.HAL_TIMEx_HallSensor_DeInit), (72 bytes).
    Removing py32f002b_hal_tim_ex.o(i.HAL_TIMEx_HallSensor_GetState), (6 bytes).
    Removing py32f002b_hal_tim_ex.o(i.HAL_TIMEx_HallSensor_Init), (202 bytes).
    Removing py32f002b_hal_tim_ex.o(i.HAL_TIMEx_HallSensor_MspDeInit), (2 bytes).
    Removing py32f002b_hal_tim_ex.o(i.HAL_TIMEx_HallSensor_MspInit), (2 bytes).
    Removing py32f002b_hal_tim_ex.o(i.HAL_TIMEx_HallSensor_Start), (42 bytes).
    Removing py32f002b_hal_tim_ex.o(i.HAL_TIMEx_HallSensor_Start_IT), (54 bytes).
    Removing py32f002b_hal_tim_ex.o(i.HAL_TIMEx_HallSensor_Stop), (64 bytes).
    Removing py32f002b_hal_tim_ex.o(i.HAL_TIMEx_HallSensor_Stop_IT), (76 bytes).
    Removing py32f002b_hal_tim_ex.o(i.HAL_TIMEx_MasterConfigSynchronization), (96 bytes).
    Removing py32f002b_hal_tim_ex.o(i.HAL_TIMEx_OCN_Start), (58 bytes).
    Removing py32f002b_hal_tim_ex.o(i.HAL_TIMEx_OCN_Start_IT), (130 bytes).
    Removing py32f002b_hal_tim_ex.o(i.HAL_TIMEx_OCN_Stop), (108 bytes).
    Removing py32f002b_hal_tim_ex.o(i.HAL_TIMEx_OCN_Stop_IT), (196 bytes).
    Removing py32f002b_hal_tim_ex.o(i.HAL_TIMEx_OnePulseN_Start), (34 bytes).
    Removing py32f002b_hal_tim_ex.o(i.HAL_TIMEx_OnePulseN_Start_IT), (58 bytes).
    Removing py32f002b_hal_tim_ex.o(i.HAL_TIMEx_OnePulseN_Stop), (108 bytes).
    Removing py32f002b_hal_tim_ex.o(i.HAL_TIMEx_OnePulseN_Stop_IT), (132 bytes).
    Removing py32f002b_hal_tim_ex.o(i.HAL_TIMEx_PWMN_Start), (58 bytes).
    Removing py32f002b_hal_tim_ex.o(i.HAL_TIMEx_PWMN_Start_IT), (130 bytes).
    Removing py32f002b_hal_tim_ex.o(i.HAL_TIMEx_PWMN_Stop), (108 bytes).
    Removing py32f002b_hal_tim_ex.o(i.HAL_TIMEx_PWMN_Stop_IT), (196 bytes).
    Removing py32f002b_hal_tim_ex.o(i.HAL_TIMEx_RemapConfig), (36 bytes).
    Removing py32f002b_hal_tim_ex.o(i.TIM_CCxNChannelCmd), (34 bytes).
    Removing py32f002b_hal_uart.o(.rev16_text), (4 bytes).
    Removing py32f002b_hal_uart.o(.revsh_text), (4 bytes).
    Removing py32f002b_hal_usart.o(.rev16_text), (4 bytes).
    Removing py32f002b_hal_usart.o(.revsh_text), (4 bytes).
    Removing py32f002b_hal_usart.o(i.HAL_USART_Abort), (46 bytes).
    Removing py32f002b_hal_usart.o(i.HAL_USART_AbortCpltCallback), (2 bytes).
    Removing py32f002b_hal_usart.o(i.HAL_USART_Abort_IT), (58 bytes).
    Removing py32f002b_hal_usart.o(i.HAL_USART_DeInit), (58 bytes).
    Removing py32f002b_hal_usart.o(i.HAL_USART_ErrorCallback), (2 bytes).
    Removing py32f002b_hal_usart.o(i.HAL_USART_GetError), (6 bytes).
    Removing py32f002b_hal_usart.o(i.HAL_USART_GetState), (8 bytes).
    Removing py32f002b_hal_usart.o(i.HAL_USART_IRQHandler), (342 bytes).
    Removing py32f002b_hal_usart.o(i.HAL_USART_Init), (72 bytes).
    Removing py32f002b_hal_usart.o(i.HAL_USART_MspDeInit), (2 bytes).
    Removing py32f002b_hal_usart.o(i.HAL_USART_MspInit), (2 bytes).
    Removing py32f002b_hal_usart.o(i.HAL_USART_Receive), (296 bytes).
    Removing py32f002b_hal_usart.o(i.HAL_USART_Receive_IT), (116 bytes).
    Removing py32f002b_hal_usart.o(i.HAL_USART_RxCpltCallback), (2 bytes).
    Removing py32f002b_hal_usart.o(i.HAL_USART_RxHalfCpltCallback), (2 bytes).
    Removing py32f002b_hal_usart.o(i.HAL_USART_Transmit), (226 bytes).
    Removing py32f002b_hal_usart.o(i.HAL_USART_TransmitReceive), (336 bytes).
    Removing py32f002b_hal_usart.o(i.HAL_USART_TransmitReceive_IT), (140 bytes).
    Removing py32f002b_hal_usart.o(i.HAL_USART_Transmit_IT), (92 bytes).
    Removing py32f002b_hal_usart.o(i.HAL_USART_TxCpltCallback), (2 bytes).
    Removing py32f002b_hal_usart.o(i.HAL_USART_TxHalfCpltCallback), (2 bytes).
    Removing py32f002b_hal_usart.o(i.HAL_USART_TxRxCpltCallback), (2 bytes).
    Removing py32f002b_hal_usart.o(i.USART_EndRxTransfer), (34 bytes).
    Removing py32f002b_hal_usart.o(i.USART_EndTransmit_IT), (44 bytes).
    Removing py32f002b_hal_usart.o(i.USART_Receive_IT), (212 bytes).
    Removing py32f002b_hal_usart.o(i.USART_SetConfig), (268 bytes).
    Removing py32f002b_hal_usart.o(i.USART_TransmitReceive_IT), (296 bytes).
    Removing py32f002b_hal_usart.o(i.USART_Transmit_IT), (110 bytes).
    Removing py32f002b_hal_usart.o(i.USART_WaitOnFlagUntilTimeout), (132 bytes).
    Removing dadd.o(.text), (356 bytes).
    Removing dmul.o(.text), (208 bytes).
    Removing ddiv.o(.text), (240 bytes).
    Removing dfixul.o(.text), (64 bytes).
    Removing cdrcmple.o(.text), (40 bytes).
    Removing depilogue.o(.text), (190 bytes).
    Removing depilogue.o(i.__ARM_clz), (46 bytes).

331 unused section(s) (total 23070 bytes) removed from the image.

==============================================================================

Image Symbol Table

    Local Symbols

    Symbol Name                              Value     Ov Type        Size  Object(Section)

    ../clib/microlib/division.c              0x00000000   Number         0  uidiv.o ABSOLUTE
    ../clib/microlib/division.c              0x00000000   Number         0  uldiv.o ABSOLUTE
    ../clib/microlib/division.c              0x00000000   Number         0  idiv.o ABSOLUTE
    ../clib/microlib/init/entry.s            0x00000000   Number         0  entry2.o ABSOLUTE
    ../clib/microlib/init/entry.s            0x00000000   Number         0  entry5.o ABSOLUTE
    ../clib/microlib/init/entry.s            0x00000000   Number         0  entry7a.o ABSOLUTE
    ../clib/microlib/init/entry.s            0x00000000   Number         0  entry7b.o ABSOLUTE
    ../clib/microlib/init/entry.s            0x00000000   Number         0  entry9b.o ABSOLUTE
    ../clib/microlib/init/entry.s            0x00000000   Number         0  entry8a.o ABSOLUTE
    ../clib/microlib/init/entry.s            0x00000000   Number         0  entry8b.o ABSOLUTE
    ../clib/microlib/init/entry.s            0x00000000   Number         0  entry9a.o ABSOLUTE
    ../clib/microlib/init/entry.s            0x00000000   Number         0  entry.o ABSOLUTE
    ../clib/microlib/init/entry.s            0x00000000   Number         0  entry10a.o ABSOLUTE
    ../clib/microlib/init/entry.s            0x00000000   Number         0  entry10b.o ABSOLUTE
    ../clib/microlib/init/entry.s            0x00000000   Number         0  entry11b.o ABSOLUTE
    ../clib/microlib/init/entry.s            0x00000000   Number         0  entry11a.o ABSOLUTE
    ../clib/microlib/longlong.c              0x00000000   Number         0  llshl.o ABSOLUTE
    ../clib/microlib/longlong.c              0x00000000   Number         0  llushr.o ABSOLUTE
    ../clib/microlib/longlong.c              0x00000000   Number         0  llsshr.o ABSOLUTE
    ../clib/microlib/printf/printf.c         0x00000000   Number         0  printf6.o ABSOLUTE
    ../clib/microlib/printf/printf.c         0x00000000   Number         0  printf7.o ABSOLUTE
    ../clib/microlib/printf/printf.c         0x00000000   Number         0  printf8.o ABSOLUTE
    ../clib/microlib/printf/printf.c         0x00000000   Number         0  printf5.o ABSOLUTE
    ../clib/microlib/printf/printf.c         0x00000000   Number         0  printfa.o ABSOLUTE
    ../clib/microlib/printf/printf.c         0x00000000   Number         0  printf2.o ABSOLUTE
    ../clib/microlib/printf/printf.c         0x00000000   Number         0  printf1.o ABSOLUTE
    ../clib/microlib/printf/printf.c         0x00000000   Number         0  printf0.o ABSOLUTE
    ../clib/microlib/printf/printf.c         0x00000000   Number         0  printfb.o ABSOLUTE
    ../clib/microlib/printf/printf.c         0x00000000   Number         0  printf4.o ABSOLUTE
    ../clib/microlib/printf/printf.c         0x00000000   Number         0  printf3.o ABSOLUTE
    ../clib/microlib/printf/stubs.s          0x00000000   Number         0  stubs.o ABSOLUTE
    ../clib/microlib/stdio/fputc.c           0x00000000   Number         0  fputc.o ABSOLUTE
    ../clib/microlib/stdio/semi.s            0x00000000   Number         0  semi.o ABSOLUTE
    ../clib/microlib/stdio/streams.c         0x00000000   Number         0  stdout.o ABSOLUTE
    ../clib/microlib/string/memcpy.c         0x00000000   Number         0  memcpyb.o ABSOLUTE
    ../clib/microlib/string/memcpy.c         0x00000000   Number         0  memcpya.o ABSOLUTE
    ../clib/microlib/string/memset.c         0x00000000   Number         0  memseta.o ABSOLUTE
    ../clib/microlib/stubs.s                 0x00000000   Number         0  iusesemip.o ABSOLUTE
    ../clib/microlib/stubs.s                 0x00000000   Number         0  iusefp.o ABSOLUTE
    ../fplib/microlib/fpadd.c                0x00000000   Number         0  dadd.o ABSOLUTE
    ../fplib/microlib/fpdiv.c                0x00000000   Number         0  ddiv.o ABSOLUTE
    ../fplib/microlib/fpepilogue.c           0x00000000   Number         0  depilogue.o ABSOLUTE
    ../fplib/microlib/fpfix.c                0x00000000   Number         0  dfixul.o ABSOLUTE
    ../fplib/microlib/fpmul.c                0x00000000   Number         0  dmul.o ABSOLUTE
    ..\Src\app\main.c                        0x00000000   Number         0  main.o ABSOLUTE
    ..\Src\components\Remote\remote.c        0x00000000   Number         0  remote.o ABSOLUTE
    ..\Src\components\flash\Userflash.c      0x00000000   Number         0  userflash.o ABSOLUTE
    ..\Src\components\func\func.c            0x00000000   Number         0  func.o ABSOLUTE
    ..\Src\components\hc595\hc595.c          0x00000000   Number         0  hc595.o ABSOLUTE
    ..\Src\components\key\key_drive.c        0x00000000   Number         0  key_drive.o ABSOLUTE
    ..\Src\components\key\key_event.c        0x00000000   Number         0  key_event.o ABSOLUTE
    ..\Src\components\mixt\mixt.c            0x00000000   Number         0  mixt.o ABSOLUTE
    ..\Src\components\usart\USART.c          0x00000000   Number         0  usart.o ABSOLUTE
    ..\Src\platform\BSP\py32f002b_hal_msp.c  0x00000000   Number         0  py32f002b_hal_msp.o ABSOLUTE
    ..\Src\platform\BSP\py32f002b_it.c       0x00000000   Number         0  py32f002b_it.o ABSOLUTE
    ..\Src\platform\BSP\system_py32f002b.c   0x00000000   Number         0  system_py32f002b.o ABSOLUTE
    ..\Src\platform\PY32F002B_HAL_Driver\Src\py32f002b_hal.c 0x00000000   Number         0  py32f002b_hal.o ABSOLUTE
    ..\Src\platform\PY32F002B_HAL_Driver\Src\py32f002b_hal_adc.c 0x00000000   Number         0  py32f002b_hal_adc.o ABSOLUTE
    ..\Src\platform\PY32F002B_HAL_Driver\Src\py32f002b_hal_comp.c 0x00000000   Number         0  py32f002b_hal_comp.o ABSOLUTE
    ..\Src\platform\PY32F002B_HAL_Driver\Src\py32f002b_hal_cortex.c 0x00000000   Number         0  py32f002b_hal_cortex.o ABSOLUTE
    ..\Src\platform\PY32F002B_HAL_Driver\Src\py32f002b_hal_crc.c 0x00000000   Number         0  py32f002b_hal_crc.o ABSOLUTE
    ..\Src\platform\PY32F002B_HAL_Driver\Src\py32f002b_hal_exti.c 0x00000000   Number         0  py32f002b_hal_exti.o ABSOLUTE
    ..\Src\platform\PY32F002B_HAL_Driver\Src\py32f002b_hal_flash.c 0x00000000   Number         0  py32f002b_hal_flash.o ABSOLUTE
    ..\Src\platform\PY32F002B_HAL_Driver\Src\py32f002b_hal_gpio.c 0x00000000   Number         0  py32f002b_hal_gpio.o ABSOLUTE
    ..\Src\platform\PY32F002B_HAL_Driver\Src\py32f002b_hal_i2c.c 0x00000000   Number         0  py32f002b_hal_i2c.o ABSOLUTE
    ..\Src\platform\PY32F002B_HAL_Driver\Src\py32f002b_hal_iwdg.c 0x00000000   Number         0  py32f002b_hal_iwdg.o ABSOLUTE
    ..\Src\platform\PY32F002B_HAL_Driver\Src\py32f002b_hal_lptim.c 0x00000000   Number         0  py32f002b_hal_lptim.o ABSOLUTE
    ..\Src\platform\PY32F002B_HAL_Driver\Src\py32f002b_hal_pwr.c 0x00000000   Number         0  py32f002b_hal_pwr.o ABSOLUTE
    ..\Src\platform\PY32F002B_HAL_Driver\Src\py32f002b_hal_rcc.c 0x00000000   Number         0  py32f002b_hal_rcc.o ABSOLUTE
    ..\Src\platform\PY32F002B_HAL_Driver\Src\py32f002b_hal_rcc_ex.c 0x00000000   Number         0  py32f002b_hal_rcc_ex.o ABSOLUTE
    ..\Src\platform\PY32F002B_HAL_Driver\Src\py32f002b_hal_spi.c 0x00000000   Number         0  py32f002b_hal_spi.o ABSOLUTE
    ..\Src\platform\PY32F002B_HAL_Driver\Src\py32f002b_hal_tim.c 0x00000000   Number         0  py32f002b_hal_tim.o ABSOLUTE
    ..\Src\platform\PY32F002B_HAL_Driver\Src\py32f002b_hal_tim_ex.c 0x00000000   Number         0  py32f002b_hal_tim_ex.o ABSOLUTE
    ..\Src\platform\PY32F002B_HAL_Driver\Src\py32f002b_hal_uart.c 0x00000000   Number         0  py32f002b_hal_uart.o ABSOLUTE
    ..\Src\platform\PY32F002B_HAL_Driver\Src\py32f002b_hal_usart.c 0x00000000   Number         0  py32f002b_hal_usart.o ABSOLUTE
    ..\\Src\\app\\main.c                     0x00000000   Number         0  main.o ABSOLUTE
    ..\\Src\\components\\Remote\\remote.c    0x00000000   Number         0  remote.o ABSOLUTE
    ..\\Src\\components\\flash\\Userflash.c  0x00000000   Number         0  userflash.o ABSOLUTE
    ..\\Src\\components\\func\\func.c        0x00000000   Number         0  func.o ABSOLUTE
    ..\\Src\\components\\hc595\\hc595.c      0x00000000   Number         0  hc595.o ABSOLUTE
    ..\\Src\\components\\key\\key_drive.c    0x00000000   Number         0  key_drive.o ABSOLUTE
    ..\\Src\\components\\key\\key_event.c    0x00000000   Number         0  key_event.o ABSOLUTE
    ..\\Src\\components\\mixt\\mixt.c        0x00000000   Number         0  mixt.o ABSOLUTE
    ..\\Src\\components\\usart\\USART.c      0x00000000   Number         0  usart.o ABSOLUTE
    ..\\Src\\platform\\BSP\\py32f002b_hal_msp.c 0x00000000   Number         0  py32f002b_hal_msp.o ABSOLUTE
    ..\\Src\\platform\\BSP\\py32f002b_it.c   0x00000000   Number         0  py32f002b_it.o ABSOLUTE
    ..\\Src\\platform\\BSP\\system_py32f002b.c 0x00000000   Number         0  system_py32f002b.o ABSOLUTE
    ..\\Src\\platform\\PY32F002B_HAL_Driver\\Src\\py32f002b_hal.c 0x00000000   Number         0  py32f002b_hal.o ABSOLUTE
    ..\\Src\\platform\\PY32F002B_HAL_Driver\\Src\\py32f002b_hal_adc.c 0x00000000   Number         0  py32f002b_hal_adc.o ABSOLUTE
    ..\\Src\\platform\\PY32F002B_HAL_Driver\\Src\\py32f002b_hal_comp.c 0x00000000   Number         0  py32f002b_hal_comp.o ABSOLUTE
    ..\\Src\\platform\\PY32F002B_HAL_Driver\\Src\\py32f002b_hal_cortex.c 0x00000000   Number         0  py32f002b_hal_cortex.o ABSOLUTE
    ..\\Src\\platform\\PY32F002B_HAL_Driver\\Src\\py32f002b_hal_crc.c 0x00000000   Number         0  py32f002b_hal_crc.o ABSOLUTE
    ..\\Src\\platform\\PY32F002B_HAL_Driver\\Src\\py32f002b_hal_exti.c 0x00000000   Number         0  py32f002b_hal_exti.o ABSOLUTE
    ..\\Src\\platform\\PY32F002B_HAL_Driver\\Src\\py32f002b_hal_flash.c 0x00000000   Number         0  py32f002b_hal_flash.o ABSOLUTE
    ..\\Src\\platform\\PY32F002B_HAL_Driver\\Src\\py32f002b_hal_gpio.c 0x00000000   Number         0  py32f002b_hal_gpio.o ABSOLUTE
    ..\\Src\\platform\\PY32F002B_HAL_Driver\\Src\\py32f002b_hal_i2c.c 0x00000000   Number         0  py32f002b_hal_i2c.o ABSOLUTE
    ..\\Src\\platform\\PY32F002B_HAL_Driver\\Src\\py32f002b_hal_iwdg.c 0x00000000   Number         0  py32f002b_hal_iwdg.o ABSOLUTE
    ..\\Src\\platform\\PY32F002B_HAL_Driver\\Src\\py32f002b_hal_lptim.c 0x00000000   Number         0  py32f002b_hal_lptim.o ABSOLUTE
    ..\\Src\\platform\\PY32F002B_HAL_Driver\\Src\\py32f002b_hal_pwr.c 0x00000000   Number         0  py32f002b_hal_pwr.o ABSOLUTE
    ..\\Src\\platform\\PY32F002B_HAL_Driver\\Src\\py32f002b_hal_rcc.c 0x00000000   Number         0  py32f002b_hal_rcc.o ABSOLUTE
    ..\\Src\\platform\\PY32F002B_HAL_Driver\\Src\\py32f002b_hal_rcc_ex.c 0x00000000   Number         0  py32f002b_hal_rcc_ex.o ABSOLUTE
    ..\\Src\\platform\\PY32F002B_HAL_Driver\\Src\\py32f002b_hal_spi.c 0x00000000   Number         0  py32f002b_hal_spi.o ABSOLUTE
    ..\\Src\\platform\\PY32F002B_HAL_Driver\\Src\\py32f002b_hal_tim.c 0x00000000   Number         0  py32f002b_hal_tim.o ABSOLUTE
    ..\\Src\\platform\\PY32F002B_HAL_Driver\\Src\\py32f002b_hal_tim_ex.c 0x00000000   Number         0  py32f002b_hal_tim_ex.o ABSOLUTE
    ..\\Src\\platform\\PY32F002B_HAL_Driver\\Src\\py32f002b_hal_uart.c 0x00000000   Number         0  py32f002b_hal_uart.o ABSOLUTE
    ..\\Src\\platform\\PY32F002B_HAL_Driver\\Src\\py32f002b_hal_usart.c 0x00000000   Number         0  py32f002b_hal_usart.o ABSOLUTE
    cdrcmple.s                               0x00000000   Number         0  cdrcmple.o ABSOLUTE
    dc.s                                     0x00000000   Number         0  dc.o ABSOLUTE
    handlers.s                               0x00000000   Number         0  handlers.o ABSOLUTE
    init.s                                   0x00000000   Number         0  init.o ABSOLUTE
    startup_py32f002bxx.s                    0x00000000   Number         0  startup_py32f002bxx.o ABSOLUTE
    RESET                                    0x08000000   Section      192  startup_py32f002bxx.o(RESET)
    .ARM.Collect$$$$00000000                 0x080000c0   Section        0  entry.o(.ARM.Collect$$$$00000000)
    .ARM.Collect$$$$00000001                 0x080000c0   Section        4  entry2.o(.ARM.Collect$$$$00000001)
    .ARM.Collect$$$$00000004                 0x080000c4   Section        4  entry5.o(.ARM.Collect$$$$00000004)
    .ARM.Collect$$$$00000008                 0x080000c8   Section        0  entry7b.o(.ARM.Collect$$$$00000008)
    .ARM.Collect$$$$0000000A                 0x080000c8   Section        0  entry8b.o(.ARM.Collect$$$$0000000A)
    .ARM.Collect$$$$0000000B                 0x080000c8   Section        8  entry9a.o(.ARM.Collect$$$$0000000B)
    .ARM.Collect$$$$0000000D                 0x080000d0   Section        0  entry10a.o(.ARM.Collect$$$$0000000D)
    .ARM.Collect$$$$0000000F                 0x080000d0   Section        0  entry11a.o(.ARM.Collect$$$$0000000F)
    .ARM.Collect$$$$00002712                 0x080000d0   Section        4  entry2.o(.ARM.Collect$$$$00002712)
    __lit__00000000                          0x080000d0   Data           4  entry2.o(.ARM.Collect$$$$00002712)
    .text                                    0x080000d4   Section       28  startup_py32f002bxx.o(.text)
    .text                                    0x080000f0   Section        0  uidiv.o(.text)
    .text                                    0x0800011c   Section        0  idiv.o(.text)
    .text                                    0x08000144   Section        0  memcpya.o(.text)
    .text                                    0x08000168   Section        0  memseta.o(.text)
    .text                                    0x0800018c   Section       36  init.o(.text)
    .text                                    0x080001b0   Section        0  iusesemip.o(.text)
    .text                                    0x080001b0   Section        0  semi.o(.text)
    i.APP_ErrorHandler                       0x080001b0   Section        0  main.o(i.APP_ErrorHandler)
    i.APP_SystemClockConfig                  0x080001b4   Section        0  main.o(i.APP_SystemClockConfig)
    APP_SystemClockConfig                    0x080001b5   Thumb Code    98  main.o(i.APP_SystemClockConfig)
    i.Cordpro                                0x0800021c   Section        0  remote.o(i.Cordpro)
    i.CountdownTimeDispaly                   0x08000264   Section        0  func.o(i.CountdownTimeDispaly)
    CountdownTimeDispaly                     0x08000265   Thumb Code   166  func.o(i.CountdownTimeDispaly)
    i.CountdownTimeHand                      0x08000314   Section        0  func.o(i.CountdownTimeHand)
    i.DelayTime                              0x08000378   Section        0  system_py32f002b.o(i.DelayTime)
    DelayTime                                0x08000379   Thumb Code    24  system_py32f002b.o(i.DelayTime)
    i.DisplayFunc                            0x08000394   Section        0  func.o(i.DisplayFunc)
    i.EXTI0_1_IRQHandler                     0x080005a0   Section        0  remote.o(i.EXTI0_1_IRQHandler)
    i.EXTI4_15_IRQHandler                    0x08000670   Section        0  remote.o(i.EXTI4_15_IRQHandler)
    i.EnableMode                             0x080006a0   Section        0  func.o(i.EnableMode)
    i.FLASH_MassErase                        0x08000788   Section        0  py32f002b_hal_flash.o(i.FLASH_MassErase)
    FLASH_MassErase                          0x08000789   Thumb Code    26  py32f002b_hal_flash.o(i.FLASH_MassErase)
    i.FLASH_PageErase                        0x080007b0   Section        0  py32f002b_hal_flash.o(i.FLASH_PageErase)
    FLASH_PageErase                          0x080007b1   Thumb Code    24  py32f002b_hal_flash.o(i.FLASH_PageErase)
    i.FLASH_Program_Page                     0x080007d0   Section        0  py32f002b_hal_flash.o(i.FLASH_Program_Page)
    FLASH_Program_Page                       0x080007d1   Thumb Code    80  py32f002b_hal_flash.o(i.FLASH_Program_Page)
    i.FLASH_SectorErase                      0x08000824   Section        0  py32f002b_hal_flash.o(i.FLASH_SectorErase)
    FLASH_SectorErase                        0x08000825   Thumb Code    20  py32f002b_hal_flash.o(i.FLASH_SectorErase)
    i.FLASH_WaitForLastOperation             0x0800083c   Section        0  py32f002b_hal_flash.o(i.FLASH_WaitForLastOperation)
    i.HAL_FLASH_Erase                        0x08000878   Section        0  py32f002b_hal_flash.o(i.HAL_FLASH_Erase)
    i.HAL_FLASH_Lock                         0x08000ad4   Section        0  py32f002b_hal_flash.o(i.HAL_FLASH_Lock)
    i.HAL_FLASH_Program                      0x08000af8   Section        0  py32f002b_hal_flash.o(i.HAL_FLASH_Program)
    i.HAL_FLASH_Unlock                       0x08000cc0   Section        0  py32f002b_hal_flash.o(i.HAL_FLASH_Unlock)
    i.HAL_GPIO_Init                          0x08000cf4   Section        0  py32f002b_hal_gpio.o(i.HAL_GPIO_Init)
    i.HAL_GPIO_ReadPin                       0x08000ea8   Section        0  py32f002b_hal_gpio.o(i.HAL_GPIO_ReadPin)
    i.HAL_GPIO_WritePin                      0x08000eba   Section        0  py32f002b_hal_gpio.o(i.HAL_GPIO_WritePin)
    i.HAL_GetTick                            0x08000ec8   Section        0  py32f002b_hal.o(i.HAL_GetTick)
    i.HAL_IncTick                            0x08000ed4   Section        0  py32f002b_hal.o(i.HAL_IncTick)
    i.HAL_Init                               0x08000eec   Section        0  py32f002b_hal.o(i.HAL_Init)
    i.HAL_InitTick                           0x08000f08   Section        0  py32f002b_hal.o(i.HAL_InitTick)
    i.HAL_MspInit                            0x08000f68   Section        0  py32f002b_hal_msp.o(i.HAL_MspInit)
    i.HAL_NVIC_EnableIRQ                     0x08000fac   Section        0  py32f002b_hal_cortex.o(i.HAL_NVIC_EnableIRQ)
    i.HAL_NVIC_SetPriority                   0x08000fc4   Section        0  py32f002b_hal_cortex.o(i.HAL_NVIC_SetPriority)
    i.HAL_RCC_ClockConfig                    0x08000fd8   Section        0  py32f002b_hal_rcc.o(i.HAL_RCC_ClockConfig)
    i.HAL_RCC_GetSysClockFreq                0x08001194   Section        0  py32f002b_hal_rcc.o(i.HAL_RCC_GetSysClockFreq)
    i.HAL_RCC_OscConfig                      0x08001220   Section        0  py32f002b_hal_rcc.o(i.HAL_RCC_OscConfig)
    i.HAL_SYSTICK_Config                     0x08001600   Section        0  py32f002b_hal_cortex.o(i.HAL_SYSTICK_Config)
    i.HAL_TIMEx_BreakCallback                0x08001638   Section        0  py32f002b_hal_tim_ex.o(i.HAL_TIMEx_BreakCallback)
    i.HAL_TIMEx_CommutCallback               0x0800163a   Section        0  py32f002b_hal_tim_ex.o(i.HAL_TIMEx_CommutCallback)
    i.HAL_TIM_Base_Init                      0x0800163c   Section        0  py32f002b_hal_tim.o(i.HAL_TIM_Base_Init)
    i.HAL_TIM_Base_MspInit                   0x0800166c   Section        0  py32f002b_hal_msp.o(i.HAL_TIM_Base_MspInit)
    i.HAL_TIM_Base_Start_IT                  0x080016ac   Section        0  py32f002b_hal_tim.o(i.HAL_TIM_Base_Start_IT)
    i.HAL_TIM_IC_CaptureCallback             0x080016d6   Section        0  py32f002b_hal_tim.o(i.HAL_TIM_IC_CaptureCallback)
    i.HAL_TIM_IRQHandler                     0x080016d8   Section        0  py32f002b_hal_tim.o(i.HAL_TIM_IRQHandler)
    i.HAL_TIM_OC_DelayElapsedCallback        0x080018a0   Section        0  py32f002b_hal_tim.o(i.HAL_TIM_OC_DelayElapsedCallback)
    i.HAL_TIM_PWM_PulseFinishedCallback      0x080018a2   Section        0  py32f002b_hal_tim.o(i.HAL_TIM_PWM_PulseFinishedCallback)
    i.HAL_TIM_PeriodElapsedCallback          0x080018a4   Section        0  remote.o(i.HAL_TIM_PeriodElapsedCallback)
    i.HAL_TIM_TriggerCallback                0x080018e8   Section        0  py32f002b_hal_tim.o(i.HAL_TIM_TriggerCallback)
    i.HardFault_Handler                      0x080018ea   Section        0  py32f002b_it.o(i.HardFault_Handler)
    i.Hc595_Init                             0x080018ee   Section        0  hc595.o(i.Hc595_Init)
    i.IR_Init                                0x0800195a   Section        0  mixt.o(i.IR_Init)
    IR_Init                                  0x0800195b   Thumb Code    32  mixt.o(i.IR_Init)
    i.IrDelayDecet                           0x0800197c   Section        0  func.o(i.IrDelayDecet)
    i.KEY_Init                               0x080019cc   Section        0  key_drive.o(i.KEY_Init)
    i.KeyCnt                                 0x08001a06   Section        0  key_drive.o(i.KeyCnt)
    KeyCnt                                   0x08001a07   Thumb Code    14  key_drive.o(i.KeyCnt)
    i.KeyDecetHand                           0x08001a14   Section        0  key_event.o(i.KeyDecetHand)
    i.KeyDownEvent                           0x08001a24   Section        0  key_event.o(i.KeyDownEvent)
    KeyDownEvent                             0x08001a25   Thumb Code    34  key_event.o(i.KeyDownEvent)
    i.KeyOkEvent                             0x08001a50   Section        0  key_event.o(i.KeyOkEvent)
    KeyOkEvent                               0x08001a51   Thumb Code    34  key_event.o(i.KeyOkEvent)
    i.KeyTimeGroup                           0x08001a7c   Section        0  key_drive.o(i.KeyTimeGroup)
    i.KeyUpEvent                             0x08001aa0   Section        0  key_event.o(i.KeyUpEvent)
    KeyUpEvent                               0x08001aa1   Thumb Code    32  key_event.o(i.KeyUpEvent)
    i.ModeAdjust                             0x08001ac8   Section        0  func.o(i.ModeAdjust)
    i.NMI_Handler                            0x08001e14   Section        0  py32f002b_it.o(i.NMI_Handler)
    i.NVIC_SetPriority                       0x08001e18   Section        0  py32f002b_hal_msp.o(i.NVIC_SetPriority)
    NVIC_SetPriority                         0x08001e19   Thumb Code   110  py32f002b_hal_msp.o(i.NVIC_SetPriority)
    i.NVIC_SetPriority                       0x08001e90   Section        0  py32f002b_hal_cortex.o(i.NVIC_SetPriority)
    NVIC_SetPriority                         0x08001e91   Thumb Code   110  py32f002b_hal_cortex.o(i.NVIC_SetPriority)
    i.PendSV_Handler                         0x08001f08   Section        0  py32f002b_it.o(i.PendSV_Handler)
    i.ReadData_FLASH                         0x08001f0a   Section        0  userflash.o(i.ReadData_FLASH)
    i.Remote_Init                            0x08001f22   Section        0  remote.o(i.Remote_Init)
    i.SIG_Display                            0x08001f30   Section        0  hc595.o(i.SIG_Display)
    i.SVC_Handler                            0x08002050   Section        0  py32f002b_it.o(i.SVC_Handler)
    i.SysStateChangeHand                     0x08002054   Section        0  func.o(i.SysStateChangeHand)
    i.SysTick_Handler                        0x08002094   Section        0  py32f002b_it.o(i.SysTick_Handler)
    i.SystemInit                             0x0800209c   Section        0  system_py32f002b.o(i.SystemInit)
    i.TIM1_BRK_UP_TRG_COM_IRQHandler         0x080020e8   Section        0  py32f002b_it.o(i.TIM1_BRK_UP_TRG_COM_IRQHandler)
    i.TIM_Base_SetConfig                     0x080020f8   Section        0  py32f002b_hal_tim.o(i.TIM_Base_SetConfig)
    i.Timer1_Init                            0x0800215c   Section        0  remote.o(i.Timer1_Init)
    Timer1_Init                              0x0800215d   Thumb Code    54  remote.o(i.Timer1_Init)
    i.USART1_Init                            0x080021a0   Section        0  usart.o(i.USART1_Init)
    i.__0printf$1                            0x080021a4   Section        0  printf1.o(i.__0printf$1)
    i.__ARM_common_switch8                   0x080021c4   Section        0  func.o(i.__ARM_common_switch8)
    i.__scatterload_copy                     0x080021e0   Section       14  handlers.o(i.__scatterload_copy)
    i.__scatterload_null                     0x080021ee   Section        2  handlers.o(i.__scatterload_null)
    i.__scatterload_zeroinit                 0x080021f0   Section       14  handlers.o(i.__scatterload_zeroinit)
    i._printf_core                           0x08002200   Section        0  printf1.o(i._printf_core)
    _printf_core                             0x08002201   Thumb Code   332  printf1.o(i._printf_core)
    i.exti_init                              0x08002350   Section        0  remote.o(i.exti_init)
    exti_init                                0x08002351   Thumb Code    94  remote.o(i.exti_init)
    i.fputc                                  0x080023bc   Section        0  fputc.o(i.fputc)
    i.get_ir_state                           0x080023d0   Section        0  remote.o(i.get_ir_state)
    i.hc59_display                           0x08002454   Section        0  hc595.o(i.hc59_display)
    hc59_display                             0x08002455   Thumb Code    28  hc595.o(i.hc59_display)
    i.hc59_shift                             0x08002470   Section        0  hc595.o(i.hc59_shift)
    hc59_shift                               0x08002471   Thumb Code    82  hc595.o(i.hc59_shift)
    i.key_botton_scan                        0x080024c4   Section        0  key_drive.o(i.key_botton_scan)
    key_botton_scan                          0x080024c5   Thumb Code   198  key_drive.o(i.key_botton_scan)
    i.key_scan                               0x08002590   Section        0  key_drive.o(i.key_scan)
    i.main                                   0x0800260c   Section        0  main.o(i.main)
    i.mixt_init                              0x08002644   Section        0  mixt.o(i.mixt_init)
    i.relay_Init                             0x08002678   Section        0  mixt.o(i.relay_Init)
    relay_Init                               0x08002679   Thumb Code    32  mixt.o(i.relay_Init)
    i.sys_data_write                         0x0800269c   Section        0  userflash.o(i.sys_data_write)
    .constdata                               0x0800278c   Section      128  system_py32f002b.o(.constdata)
    .constdata                               0x0800280c   Section       32  py32f002b_hal_flash.o(.constdata)
    .constdata                               0x0800282c   Section       32  py32f002b_hal_rcc.o(.constdata)
    .data                                    0x20000000   Section       28  func.o(.data)
    count                                    0x20000018   Data           4  func.o(.data)
    .data                                    0x2000001c   Section       30  hc595.o(.data)
    .data                                    0x2000003a   Section        1  key_event.o(.data)
    .data                                    0x2000003c   Section        4  system_py32f002b.o(.data)
    .data                                    0x20000040   Section       12  py32f002b_hal.o(.data)
    .data                                    0x2000004c   Section        4  stdout.o(.data)
    .bss                                     0x20000050   Section       12  func.o(.bss)
    .bss                                     0x2000005c   Section       36  key_drive.o(.bss)
    .bss                                     0x20000080   Section      144  remote.o(.bss)
    .bss                                     0x20000110   Section       24  py32f002b_hal_flash.o(.bss)
    STACK                                    0x20000128   Section     1024  startup_py32f002bxx.o(STACK)

    Global Symbols

    Symbol Name                              Value     Ov Type        Size  Object(Section)

    BuildAttributes$$THM_ISAv3M$S$PE$A:L22$X:L11$S22$IEEE1$IW$USESV6$~STKCKD$USESV7$~SHL$OSPACE$ROPI$EBA8$MICROLIB$REQ8$PRES8$EABIv2 0x00000000   Number         0  anon$$obj.o ABSOLUTE
    __ARM_use_no_argv                        0x00000000   Number         0  main.o ABSOLUTE
    _printf_a                                0x00000000   Number         0  stubs.o ABSOLUTE
    _printf_c                                0x00000000   Number         0  stubs.o ABSOLUTE
    _printf_charcount                        0x00000000   Number         0  stubs.o ABSOLUTE
    _printf_d                                0x00000000   Number         0  stubs.o ABSOLUTE
    _printf_e                                0x00000000   Number         0  stubs.o ABSOLUTE
    _printf_f                                0x00000000   Number         0  stubs.o ABSOLUTE
    _printf_flags                            0x00000000   Number         0  stubs.o ABSOLUTE
    _printf_fp_dec                           0x00000000   Number         0  stubs.o ABSOLUTE
    _printf_fp_hex                           0x00000000   Number         0  stubs.o ABSOLUTE
    _printf_g                                0x00000000   Number         0  stubs.o ABSOLUTE
    _printf_i                                0x00000000   Number         0  stubs.o ABSOLUTE
    _printf_int_dec                          0x00000000   Number         0  stubs.o ABSOLUTE
    _printf_l                                0x00000000   Number         0  stubs.o ABSOLUTE
    _printf_lc                               0x00000000   Number         0  stubs.o ABSOLUTE
    _printf_ll                               0x00000000   Number         0  stubs.o ABSOLUTE
    _printf_lld                              0x00000000   Number         0  stubs.o ABSOLUTE
    _printf_lli                              0x00000000   Number         0  stubs.o ABSOLUTE
    _printf_llo                              0x00000000   Number         0  stubs.o ABSOLUTE
    _printf_llu                              0x00000000   Number         0  stubs.o ABSOLUTE
    _printf_llx                              0x00000000   Number         0  stubs.o ABSOLUTE
    _printf_longlong_dec                     0x00000000   Number         0  stubs.o ABSOLUTE
    _printf_longlong_hex                     0x00000000   Number         0  stubs.o ABSOLUTE
    _printf_longlong_oct                     0x00000000   Number         0  stubs.o ABSOLUTE
    _printf_ls                               0x00000000   Number         0  stubs.o ABSOLUTE
    _printf_mbtowc                           0x00000000   Number         0  stubs.o ABSOLUTE
    _printf_n                                0x00000000   Number         0  stubs.o ABSOLUTE
    _printf_o                                0x00000000   Number         0  stubs.o ABSOLUTE
    _printf_p                                0x00000000   Number         0  stubs.o ABSOLUTE
    _printf_percent                          0x00000000   Number         0  stubs.o ABSOLUTE
    _printf_pre_padding                      0x00000000   Number         0  stubs.o ABSOLUTE
    _printf_return_value                     0x00000000   Number         0  stubs.o ABSOLUTE
    _printf_s                                0x00000000   Number         0  stubs.o ABSOLUTE
    _printf_sizespec                         0x00000000   Number         0  stubs.o ABSOLUTE
    _printf_str                              0x00000000   Number         0  stubs.o ABSOLUTE
    _printf_truncate_signed                  0x00000000   Number         0  stubs.o ABSOLUTE
    _printf_truncate_unsigned                0x00000000   Number         0  stubs.o ABSOLUTE
    _printf_u                                0x00000000   Number         0  stubs.o ABSOLUTE
    _printf_wc                               0x00000000   Number         0  stubs.o ABSOLUTE
    _printf_wctomb                           0x00000000   Number         0  stubs.o ABSOLUTE
    _printf_widthprec                        0x00000000   Number         0  stubs.o ABSOLUTE
    _printf_x                                0x00000000   Number         0  stubs.o ABSOLUTE
    __cpp_initialize__aeabi_                  - Undefined Weak Reference
    __cxa_finalize                            - Undefined Weak Reference
    __decompress                              - Undefined Weak Reference
    _clock_init                               - Undefined Weak Reference
    _microlib_exit                            - Undefined Weak Reference
    __Vectors_Size                           0x000000c0   Number         0  startup_py32f002bxx.o ABSOLUTE
    __Vectors                                0x08000000   Data           4  startup_py32f002bxx.o(RESET)
    __Vectors_End                            0x080000c0   Data           0  startup_py32f002bxx.o(RESET)
    __main                                   0x080000c1   Thumb Code     0  entry.o(.ARM.Collect$$$$00000000)
    _main_stk                                0x080000c1   Thumb Code     0  entry2.o(.ARM.Collect$$$$00000001)
    _main_scatterload                        0x080000c5   Thumb Code     0  entry5.o(.ARM.Collect$$$$00000004)
    __main_after_scatterload                 0x080000c9   Thumb Code     0  entry5.o(.ARM.Collect$$$$00000004)
    _main_clock                              0x080000c9   Thumb Code     0  entry7b.o(.ARM.Collect$$$$00000008)
    _main_cpp_init                           0x080000c9   Thumb Code     0  entry8b.o(.ARM.Collect$$$$0000000A)
    _main_init                               0x080000c9   Thumb Code     0  entry9a.o(.ARM.Collect$$$$0000000B)
    __rt_final_cpp                           0x080000d1   Thumb Code     0  entry10a.o(.ARM.Collect$$$$0000000D)
    __rt_final_exit                          0x080000d1   Thumb Code     0  entry11a.o(.ARM.Collect$$$$0000000F)
    Reset_Handler                            0x080000d5   Thumb Code     8  startup_py32f002bxx.o(.text)
    ADC_COMP_IRQHandler                      0x080000e7   Thumb Code     0  startup_py32f002bxx.o(.text)
    EXTI2_3_IRQHandler                       0x080000e7   Thumb Code     0  startup_py32f002bxx.o(.text)
    FLASH_IRQHandler                         0x080000e7   Thumb Code     0  startup_py32f002bxx.o(.text)
    I2C1_IRQHandler                          0x080000e7   Thumb Code     0  startup_py32f002bxx.o(.text)
    LPTIM1_IRQHandler                        0x080000e7   Thumb Code     0  startup_py32f002bxx.o(.text)
    RCC_IRQHandler                           0x080000e7   Thumb Code     0  startup_py32f002bxx.o(.text)
    SPI1_IRQHandler                          0x080000e7   Thumb Code     0  startup_py32f002bxx.o(.text)
    TIM14_IRQHandler                         0x080000e7   Thumb Code     0  startup_py32f002bxx.o(.text)
    TIM1_CC_IRQHandler                       0x080000e7   Thumb Code     0  startup_py32f002bxx.o(.text)
    USART1_IRQHandler                        0x080000e7   Thumb Code     0  startup_py32f002bxx.o(.text)
    __aeabi_uidiv                            0x080000f1   Thumb Code     0  uidiv.o(.text)
    __aeabi_uidivmod                         0x080000f1   Thumb Code    44  uidiv.o(.text)
    __aeabi_idiv                             0x0800011d   Thumb Code     0  idiv.o(.text)
    __aeabi_idivmod                          0x0800011d   Thumb Code    40  idiv.o(.text)
    __aeabi_memcpy                           0x08000145   Thumb Code    36  memcpya.o(.text)
    __aeabi_memcpy4                          0x08000145   Thumb Code     0  memcpya.o(.text)
    __aeabi_memcpy8                          0x08000145   Thumb Code     0  memcpya.o(.text)
    __aeabi_memset                           0x08000169   Thumb Code    14  memseta.o(.text)
    __aeabi_memset4                          0x08000169   Thumb Code     0  memseta.o(.text)
    __aeabi_memset8                          0x08000169   Thumb Code     0  memseta.o(.text)
    __aeabi_memclr                           0x08000177   Thumb Code     4  memseta.o(.text)
    __aeabi_memclr4                          0x08000177   Thumb Code     0  memseta.o(.text)
    __aeabi_memclr8                          0x08000177   Thumb Code     0  memseta.o(.text)
    _memset$wrapper                          0x0800017b   Thumb Code    18  memseta.o(.text)
    __scatterload                            0x0800018d   Thumb Code    28  init.o(.text)
    __scatterload_rt2                        0x0800018d   Thumb Code     0  init.o(.text)
    APP_ErrorHandler                         0x080001b1   Thumb Code     4  main.o(i.APP_ErrorHandler)
    __I$use$semihosting$fputc                0x080001b1   Thumb Code     0  iusesemip.o(.text)
    __semihosting_library_function           0x080001b1   Thumb Code     0  semi.o(.text)
    Cordpro                                  0x0800021d   Thumb Code    64  remote.o(i.Cordpro)
    CountdownTimeHand                        0x08000315   Thumb Code    84  func.o(i.CountdownTimeHand)
    DisplayFunc                              0x08000395   Thumb Code   500  func.o(i.DisplayFunc)
    EXTI0_1_IRQHandler                       0x080005a1   Thumb Code   198  remote.o(i.EXTI0_1_IRQHandler)
    EXTI4_15_IRQHandler                      0x08000671   Thumb Code    34  remote.o(i.EXTI4_15_IRQHandler)
    EnableMode                               0x080006a1   Thumb Code   202  func.o(i.EnableMode)
    FLASH_WaitForLastOperation               0x0800083d   Thumb Code    50  py32f002b_hal_flash.o(i.FLASH_WaitForLastOperation)
    HAL_FLASH_Erase                          0x08000879   Thumb Code   582  py32f002b_hal_flash.o(i.HAL_FLASH_Erase)
    HAL_FLASH_Lock                           0x08000ad5   Thumb Code    30  py32f002b_hal_flash.o(i.HAL_FLASH_Lock)
    HAL_FLASH_Program                        0x08000af9   Thumb Code   434  py32f002b_hal_flash.o(i.HAL_FLASH_Program)
    HAL_FLASH_Unlock                         0x08000cc1   Thumb Code    40  py32f002b_hal_flash.o(i.HAL_FLASH_Unlock)
    HAL_GPIO_Init                            0x08000cf5   Thumb Code   428  py32f002b_hal_gpio.o(i.HAL_GPIO_Init)
    HAL_GPIO_ReadPin                         0x08000ea9   Thumb Code    18  py32f002b_hal_gpio.o(i.HAL_GPIO_ReadPin)
    HAL_GPIO_WritePin                        0x08000ebb   Thumb Code    12  py32f002b_hal_gpio.o(i.HAL_GPIO_WritePin)
    HAL_GetTick                              0x08000ec9   Thumb Code     6  py32f002b_hal.o(i.HAL_GetTick)
    HAL_IncTick                              0x08000ed5   Thumb Code    16  py32f002b_hal.o(i.HAL_IncTick)
    HAL_Init                                 0x08000eed   Thumb Code    26  py32f002b_hal.o(i.HAL_Init)
    HAL_InitTick                             0x08000f09   Thumb Code    82  py32f002b_hal.o(i.HAL_InitTick)
    HAL_MspInit                              0x08000f69   Thumb Code    64  py32f002b_hal_msp.o(i.HAL_MspInit)
    HAL_NVIC_EnableIRQ                       0x08000fad   Thumb Code    18  py32f002b_hal_cortex.o(i.HAL_NVIC_EnableIRQ)
    HAL_NVIC_SetPriority                     0x08000fc5   Thumb Code    18  py32f002b_hal_cortex.o(i.HAL_NVIC_SetPriority)
    HAL_RCC_ClockConfig                      0x08000fd9   Thumb Code   418  py32f002b_hal_rcc.o(i.HAL_RCC_ClockConfig)
    HAL_RCC_GetSysClockFreq                  0x08001195   Thumb Code   126  py32f002b_hal_rcc.o(i.HAL_RCC_GetSysClockFreq)
    HAL_RCC_OscConfig                        0x08001221   Thumb Code   960  py32f002b_hal_rcc.o(i.HAL_RCC_OscConfig)
    HAL_SYSTICK_Config                       0x08001601   Thumb Code    46  py32f002b_hal_cortex.o(i.HAL_SYSTICK_Config)
    HAL_TIMEx_BreakCallback                  0x08001639   Thumb Code     2  py32f002b_hal_tim_ex.o(i.HAL_TIMEx_BreakCallback)
    HAL_TIMEx_CommutCallback                 0x0800163b   Thumb Code     2  py32f002b_hal_tim_ex.o(i.HAL_TIMEx_CommutCallback)
    HAL_TIM_Base_Init                        0x0800163d   Thumb Code    46  py32f002b_hal_tim.o(i.HAL_TIM_Base_Init)
    HAL_TIM_Base_MspInit                     0x0800166d   Thumb Code    54  py32f002b_hal_msp.o(i.HAL_TIM_Base_MspInit)
    HAL_TIM_Base_Start_IT                    0x080016ad   Thumb Code    42  py32f002b_hal_tim.o(i.HAL_TIM_Base_Start_IT)
    HAL_TIM_IC_CaptureCallback               0x080016d7   Thumb Code     2  py32f002b_hal_tim.o(i.HAL_TIM_IC_CaptureCallback)
    HAL_TIM_IRQHandler                       0x080016d9   Thumb Code   456  py32f002b_hal_tim.o(i.HAL_TIM_IRQHandler)
    HAL_TIM_OC_DelayElapsedCallback          0x080018a1   Thumb Code     2  py32f002b_hal_tim.o(i.HAL_TIM_OC_DelayElapsedCallback)
    HAL_TIM_PWM_PulseFinishedCallback        0x080018a3   Thumb Code     2  py32f002b_hal_tim.o(i.HAL_TIM_PWM_PulseFinishedCallback)
    HAL_TIM_PeriodElapsedCallback            0x080018a5   Thumb Code    64  remote.o(i.HAL_TIM_PeriodElapsedCallback)
    HAL_TIM_TriggerCallback                  0x080018e9   Thumb Code     2  py32f002b_hal_tim.o(i.HAL_TIM_TriggerCallback)
    HardFault_Handler                        0x080018eb   Thumb Code     4  py32f002b_it.o(i.HardFault_Handler)
    Hc595_Init                               0x080018ef   Thumb Code   108  hc595.o(i.Hc595_Init)
    IrDelayDecet                             0x0800197d   Thumb Code    64  func.o(i.IrDelayDecet)
    KEY_Init                                 0x080019cd   Thumb Code    58  key_drive.o(i.KEY_Init)
    KeyDecetHand                             0x08001a15   Thumb Code    16  key_event.o(i.KeyDecetHand)
    KeyTimeGroup                             0x08001a7d   Thumb Code    22  key_drive.o(i.KeyTimeGroup)
    ModeAdjust                               0x08001ac9   Thumb Code   818  func.o(i.ModeAdjust)
    NMI_Handler                              0x08001e15   Thumb Code     2  py32f002b_it.o(i.NMI_Handler)
    PendSV_Handler                           0x08001f09   Thumb Code     2  py32f002b_it.o(i.PendSV_Handler)
    ReadData_FLASH                           0x08001f0b   Thumb Code    24  userflash.o(i.ReadData_FLASH)
    Remote_Init                              0x08001f23   Thumb Code    12  remote.o(i.Remote_Init)
    SIG_Display                              0x08001f31   Thumb Code   284  hc595.o(i.SIG_Display)
    SVC_Handler                              0x08002051   Thumb Code     2  py32f002b_it.o(i.SVC_Handler)
    SysStateChangeHand                       0x08002055   Thumb Code    46  func.o(i.SysStateChangeHand)
    SysTick_Handler                          0x08002095   Thumb Code     8  py32f002b_it.o(i.SysTick_Handler)
    SystemInit                               0x0800209d   Thumb Code    60  system_py32f002b.o(i.SystemInit)
    TIM1_BRK_UP_TRG_COM_IRQHandler           0x080020e9   Thumb Code    10  py32f002b_it.o(i.TIM1_BRK_UP_TRG_COM_IRQHandler)
    TIM_Base_SetConfig                       0x080020f9   Thumb Code    92  py32f002b_hal_tim.o(i.TIM_Base_SetConfig)
    USART1_Init                              0x080021a1   Thumb Code     2  usart.o(i.USART1_Init)
    __0printf$1                              0x080021a5   Thumb Code    24  printf1.o(i.__0printf$1)
    __1printf$1                              0x080021a5   Thumb Code     0  printf1.o(i.__0printf$1)
    __2printf                                0x080021a5   Thumb Code     0  printf1.o(i.__0printf$1)
    __ARM_common_switch8                     0x080021c5   Thumb Code    28  func.o(i.__ARM_common_switch8)
    __scatterload_copy                       0x080021e1   Thumb Code    14  handlers.o(i.__scatterload_copy)
    __scatterload_null                       0x080021ef   Thumb Code     2  handlers.o(i.__scatterload_null)
    __scatterload_zeroinit                   0x080021f1   Thumb Code    14  handlers.o(i.__scatterload_zeroinit)
    fputc                                    0x080023bd   Thumb Code    18  fputc.o(i.fputc)
    get_ir_state                             0x080023d1   Thumb Code   116  remote.o(i.get_ir_state)
    key_scan                                 0x08002591   Thumb Code   118  key_drive.o(i.key_scan)
    main                                     0x0800260d   Thumb Code    56  main.o(i.main)
    mixt_init                                0x08002645   Thumb Code    44  mixt.o(i.mixt_init)
    sys_data_write                           0x0800269d   Thumb Code   194  userflash.o(i.sys_data_write)
    AHBPrescTable                            0x0800278c   Data          64  system_py32f002b.o(.constdata)
    APBPrescTable                            0x080027cc   Data          32  system_py32f002b.o(.constdata)
    HSIFreqTable                             0x080027ec   Data          32  system_py32f002b.o(.constdata)
    _FlashTimmingParam                       0x0800280c   Data          32  py32f002b_hal_flash.o(.constdata)
    Region$$Table$$Base                      0x0800284c   Number         0  anon$$obj.o(Region$$Table)
    Region$$Table$$Limit                     0x0800286c   Number         0  anon$$obj.o(Region$$Table)
    SysMode                                  0x20000000   Data           1  func.o(.data)
    SysState                                 0x20000001   Data           1  func.o(.data)
    DocFlickerFlag                           0x20000002   Data           1  func.o(.data)
    TimingStep                               0x20000003   Data           1  func.o(.data)
    IRMsg                                    0x20000004   Data           8  func.o(.data)
    ModeChangeFlag                           0x2000000c   Data           1  func.o(.data)
    AutoEnterModeStart                       0x2000000d   Data           1  func.o(.data)
    AutoEnterModeCount                       0x20000010   Data           4  func.o(.data)
    IrState                                  0x20000014   Data           1  func.o(.data)
    EliminateState                           0x20000015   Data           1  func.o(.data)
    LED_0F                                   0x2000001c   Data          22  hc595.o(.data)
    LED                                      0x20000032   Data           8  hc595.o(.data)
    KeyState                                 0x2000003a   Data           1  key_event.o(.data)
    SystemCoreClock                          0x2000003c   Data           4  system_py32f002b.o(.data)
    uwTick                                   0x20000040   Data           4  py32f002b_hal.o(.data)
    uwTickPrio                               0x20000044   Data           4  py32f002b_hal.o(.data)
    uwTickFreq                               0x20000048   Data           4  py32f002b_hal.o(.data)
    __stdout                                 0x2000004c   Data           4  stdout.o(.data)
    TimeMsg                                  0x20000050   Data          12  func.o(.bss)
    KeyUpInfo                                0x2000005c   Data          12  key_drive.o(.bss)
    KeyDownInfo                              0x20000068   Data          12  key_drive.o(.bss)
    KeyOkInfo                                0x20000074   Data          12  key_drive.o(.bss)
    TimHandle                                0x20000080   Data          32  remote.o(.bss)
    IrMsg                                    0x200000a0   Data         112  remote.o(.bss)
    pFlash                                   0x20000110   Data          24  py32f002b_hal_flash.o(.bss)
    __initial_sp                             0x20000528   Data           0  startup_py32f002bxx.o(STACK)



==============================================================================

Memory Map of the image

  Image Entry point : 0x080000c1

  Load Region LR_IROM1 (Base: 0x08000000, Size: 0x000028bc, Max: 0x00006000, ABSOLUTE)

    Execution Region ER_IROM1 (Base: 0x08000000, Size: 0x0000286c, Max: 0x00006000, ABSOLUTE)

    Base Addr    Size         Type   Attr      Idx    E Section Name        Object

    0x08000000   0x000000c0   Data   RO            3    RESET               startup_py32f002bxx.o
    0x080000c0   0x00000000   Code   RO         2633  * .ARM.Collect$$$$00000000  mc_p.l(entry.o)
    0x080000c0   0x00000004   Code   RO         2907    .ARM.Collect$$$$00000001  mc_p.l(entry2.o)
    0x080000c4   0x00000004   Code   RO         2910    .ARM.Collect$$$$00000004  mc_p.l(entry5.o)
    0x080000c8   0x00000000   Code   RO         2912    .ARM.Collect$$$$00000008  mc_p.l(entry7b.o)
    0x080000c8   0x00000000   Code   RO         2914    .ARM.Collect$$$$0000000A  mc_p.l(entry8b.o)
    0x080000c8   0x00000008   Code   RO         2915    .ARM.Collect$$$$0000000B  mc_p.l(entry9a.o)
    0x080000d0   0x00000000   Code   RO         2917    .ARM.Collect$$$$0000000D  mc_p.l(entry10a.o)
    0x080000d0   0x00000000   Code   RO         2919    .ARM.Collect$$$$0000000F  mc_p.l(entry11a.o)
    0x080000d0   0x00000004   Code   RO         2908    .ARM.Collect$$$$00002712  mc_p.l(entry2.o)
    0x080000d4   0x0000001c   Code   RO            4    .text               startup_py32f002bxx.o
    0x080000f0   0x0000002c   Code   RO         2636    .text               mc_p.l(uidiv.o)
    0x0800011c   0x00000028   Code   RO         2638    .text               mc_p.l(idiv.o)
    0x08000144   0x00000024   Code   RO         2640    .text               mc_p.l(memcpya.o)
    0x08000168   0x00000024   Code   RO         2642    .text               mc_p.l(memseta.o)
    0x0800018c   0x00000024   Code   RO         2937    .text               mc_p.l(init.o)
    0x080001b0   0x00000000   Code   RO         2939    .text               mc_p.l(semi.o)
    0x080001b0   0x00000000   Code   RO         2946    .text               mc_p.l(iusesemip.o)
    0x080001b0   0x00000004   Code   RO          469    i.APP_ErrorHandler  main.o
    0x080001b4   0x00000068   Code   RO          470    i.APP_SystemClockConfig  main.o
    0x0800021c   0x00000048   Code   RO          402    i.Cordpro           remote.o
    0x08000264   0x000000b0   Code   RO          159    i.CountdownTimeDispaly  func.o
    0x08000314   0x00000064   Code   RO          160    i.CountdownTimeHand  func.o
    0x08000378   0x0000001c   Code   RO          595    i.DelayTime         system_py32f002b.o
    0x08000394   0x0000020c   Code   RO          161    i.DisplayFunc       func.o
    0x080005a0   0x000000d0   Code   RO          403    i.EXTI0_1_IRQHandler  remote.o
    0x08000670   0x00000030   Code   RO          404    i.EXTI4_15_IRQHandler  remote.o
    0x080006a0   0x000000e8   Code   RO          162    i.EnableMode        func.o
    0x08000788   0x00000028   Code   RO         1196    i.FLASH_MassErase   py32f002b_hal_flash.o
    0x080007b0   0x00000020   Code   RO         1198    i.FLASH_PageErase   py32f002b_hal_flash.o
    0x080007d0   0x00000054   Code   RO         1199    i.FLASH_Program_Page  py32f002b_hal_flash.o
    0x08000824   0x00000018   Code   RO         1200    i.FLASH_SectorErase  py32f002b_hal_flash.o
    0x0800083c   0x0000003c   Code   RO         1201    i.FLASH_WaitForLastOperation  py32f002b_hal_flash.o
    0x08000878   0x0000025c   Code   RO         1203    i.HAL_FLASH_Erase   py32f002b_hal_flash.o
    0x08000ad4   0x00000024   Code   RO         1207    i.HAL_FLASH_Lock    py32f002b_hal_flash.o
    0x08000af8   0x000001c8   Code   RO         1218    i.HAL_FLASH_Program  py32f002b_hal_flash.o
    0x08000cc0   0x00000034   Code   RO         1220    i.HAL_FLASH_Unlock  py32f002b_hal_flash.o
    0x08000cf4   0x000001b4   Code   RO         1368    i.HAL_GPIO_Init     py32f002b_hal_gpio.o
    0x08000ea8   0x00000012   Code   RO         1370    i.HAL_GPIO_ReadPin  py32f002b_hal_gpio.o
    0x08000eba   0x0000000c   Code   RO         1372    i.HAL_GPIO_WritePin  py32f002b_hal_gpio.o
    0x08000ec6   0x00000002   PAD
    0x08000ec8   0x0000000c   Code   RO          640    i.HAL_GetTick       py32f002b_hal.o
    0x08000ed4   0x00000018   Code   RO          646    i.HAL_IncTick       py32f002b_hal.o
    0x08000eec   0x0000001a   Code   RO          647    i.HAL_Init          py32f002b_hal.o
    0x08000f06   0x00000002   PAD
    0x08000f08   0x00000060   Code   RO          648    i.HAL_InitTick      py32f002b_hal.o
    0x08000f68   0x00000044   Code   RO          507    i.HAL_MspInit       py32f002b_hal_msp.o
    0x08000fac   0x00000018   Code   RO         1022    i.HAL_NVIC_EnableIRQ  py32f002b_hal_cortex.o
    0x08000fc4   0x00000012   Code   RO         1026    i.HAL_NVIC_SetPriority  py32f002b_hal_cortex.o
    0x08000fd6   0x00000002   PAD
    0x08000fd8   0x000001bc   Code   RO         1541    i.HAL_RCC_ClockConfig  py32f002b_hal_rcc.o
    0x08001194   0x0000008c   Code   RO         1549    i.HAL_RCC_GetSysClockFreq  py32f002b_hal_rcc.o
    0x08001220   0x000003e0   Code   RO         1553    i.HAL_RCC_OscConfig  py32f002b_hal_rcc.o
    0x08001600   0x00000038   Code   RO         1030    i.HAL_SYSTICK_Config  py32f002b_hal_cortex.o
    0x08001638   0x00000002   Code   RO         2247    i.HAL_TIMEx_BreakCallback  py32f002b_hal_tim_ex.o
    0x0800163a   0x00000002   Code   RO         2248    i.HAL_TIMEx_CommutCallback  py32f002b_hal_tim_ex.o
    0x0800163c   0x0000002e   Code   RO         1699    i.HAL_TIM_Base_Init  py32f002b_hal_tim.o
    0x0800166a   0x00000002   PAD
    0x0800166c   0x00000040   Code   RO          508    i.HAL_TIM_Base_MspInit  py32f002b_hal_msp.o
    0x080016ac   0x0000002a   Code   RO         1703    i.HAL_TIM_Base_Start_IT  py32f002b_hal_tim.o
    0x080016d6   0x00000002   Code   RO         1720    i.HAL_TIM_IC_CaptureCallback  py32f002b_hal_tim.o
    0x080016d8   0x000001c8   Code   RO         1732    i.HAL_TIM_IRQHandler  py32f002b_hal_tim.o
    0x080018a0   0x00000002   Code   RO         1735    i.HAL_TIM_OC_DelayElapsedCallback  py32f002b_hal_tim.o
    0x080018a2   0x00000002   Code   RO         1760    i.HAL_TIM_PWM_PulseFinishedCallback  py32f002b_hal_tim.o
    0x080018a4   0x00000044   Code   RO          405    i.HAL_TIM_PeriodElapsedCallback  remote.o
    0x080018e8   0x00000002   Code   RO         1771    i.HAL_TIM_TriggerCallback  py32f002b_hal_tim.o
    0x080018ea   0x00000004   Code   RO          541    i.HardFault_Handler  py32f002b_it.o
    0x080018ee   0x0000006c   Code   RO          239    i.Hc595_Init        hc595.o
    0x0800195a   0x00000020   Code   RO          366    i.IR_Init           mixt.o
    0x0800197a   0x00000002   PAD
    0x0800197c   0x00000050   Code   RO          163    i.IrDelayDecet      func.o
    0x080019cc   0x0000003a   Code   RO          281    i.KEY_Init          key_drive.o
    0x08001a06   0x0000000e   Code   RO          282    i.KeyCnt            key_drive.o
    0x08001a14   0x00000010   Code   RO          326    i.KeyDecetHand      key_event.o
    0x08001a24   0x0000002c   Code   RO          327    i.KeyDownEvent      key_event.o
    0x08001a50   0x0000002c   Code   RO          328    i.KeyOkEvent        key_event.o
    0x08001a7c   0x00000024   Code   RO          283    i.KeyTimeGroup      key_drive.o
    0x08001aa0   0x00000028   Code   RO          329    i.KeyUpEvent        key_event.o
    0x08001ac8   0x0000034c   Code   RO          164    i.ModeAdjust        func.o
    0x08001e14   0x00000002   Code   RO          542    i.NMI_Handler       py32f002b_it.o
    0x08001e16   0x00000002   PAD
    0x08001e18   0x00000078   Code   RO          509    i.NVIC_SetPriority  py32f002b_hal_msp.o
    0x08001e90   0x00000078   Code   RO         1032    i.NVIC_SetPriority  py32f002b_hal_cortex.o
    0x08001f08   0x00000002   Code   RO          543    i.PendSV_Handler    py32f002b_it.o
    0x08001f0a   0x00000018   Code   RO           13    i.ReadData_FLASH    userflash.o
    0x08001f22   0x0000000c   Code   RO          406    i.Remote_Init       remote.o
    0x08001f2e   0x00000002   PAD
    0x08001f30   0x00000120   Code   RO          240    i.SIG_Display       hc595.o
    0x08002050   0x00000002   Code   RO          544    i.SVC_Handler       py32f002b_it.o
    0x08002052   0x00000002   PAD
    0x08002054   0x00000040   Code   RO          165    i.SysStateChangeHand  func.o
    0x08002094   0x00000008   Code   RO          545    i.SysTick_Handler   py32f002b_it.o
    0x0800209c   0x0000004c   Code   RO          597    i.SystemInit        system_py32f002b.o
    0x080020e8   0x00000010   Code   RO          546    i.TIM1_BRK_UP_TRG_COM_IRQHandler  py32f002b_it.o
    0x080020f8   0x00000064   Code   RO         1773    i.TIM_Base_SetConfig  py32f002b_hal_tim.o
    0x0800215c   0x00000044   Code   RO          407    i.Timer1_Init       remote.o
    0x080021a0   0x00000002   Code   RO          136    i.USART1_Init       usart.o
    0x080021a2   0x00000002   PAD
    0x080021a4   0x00000020   Code   RO         2691    i.__0printf$1       mc_p.l(printf1.o)
    0x080021c4   0x0000001c   Code   RO          213    i.__ARM_common_switch8  func.o
    0x080021e0   0x0000000e   Code   RO         2953    i.__scatterload_copy  mc_p.l(handlers.o)
    0x080021ee   0x00000002   Code   RO         2954    i.__scatterload_null  mc_p.l(handlers.o)
    0x080021f0   0x0000000e   Code   RO         2955    i.__scatterload_zeroinit  mc_p.l(handlers.o)
    0x080021fe   0x00000002   PAD
    0x08002200   0x00000150   Code   RO         2698    i._printf_core      mc_p.l(printf1.o)
    0x08002350   0x0000006c   Code   RO          408    i.exti_init         remote.o
    0x080023bc   0x00000012   Code   RO         2921    i.fputc             mc_p.l(fputc.o)
    0x080023ce   0x00000002   PAD
    0x080023d0   0x00000084   Code   RO          409    i.get_ir_state      remote.o
    0x08002454   0x0000001c   Code   RO          241    i.hc59_display      hc595.o
    0x08002470   0x00000052   Code   RO          242    i.hc59_shift        hc595.o
    0x080024c2   0x00000002   PAD
    0x080024c4   0x000000cc   Code   RO          284    i.key_botton_scan   key_drive.o
    0x08002590   0x0000007c   Code   RO          285    i.key_scan          key_drive.o
    0x0800260c   0x00000038   Code   RO          471    i.main              main.o
    0x08002644   0x00000034   Code   RO          367    i.mixt_init         mixt.o
    0x08002678   0x00000024   Code   RO          368    i.relay_Init        mixt.o
    0x0800269c   0x000000f0   Code   RO           15    i.sys_data_write    userflash.o
    0x0800278c   0x00000080   Data   RO          598    .constdata          system_py32f002b.o
    0x0800280c   0x00000020   Data   RO         1222    .constdata          py32f002b_hal_flash.o
    0x0800282c   0x00000020   Data   RO         1554    .constdata          py32f002b_hal_rcc.o
    0x0800284c   0x00000020   Data   RO         2951    Region$$Table       anon$$obj.o


    Execution Region RW_IRAM1 (Base: 0x20000000, Size: 0x00000528, Max: 0x00000c00, ABSOLUTE)

    Base Addr    Size         Type   Attr      Idx    E Section Name        Object

    0x20000000   0x0000001c   Data   RW          167    .data               func.o
    0x2000001c   0x0000001e   Data   RW          243    .data               hc595.o
    0x2000003a   0x00000001   Data   RW          330    .data               key_event.o
    0x2000003b   0x00000001   PAD
    0x2000003c   0x00000004   Data   RW          599    .data               system_py32f002b.o
    0x20000040   0x0000000c   Data   RW          663    .data               py32f002b_hal.o
    0x2000004c   0x00000004   Data   RW         2923    .data               mc_p.l(stdout.o)
    0x20000050   0x0000000c   Zero   RW          166    .bss                func.o
    0x2000005c   0x00000024   Zero   RW          286    .bss                key_drive.o
    0x20000080   0x00000090   Zero   RW          410    .bss                remote.o
    0x20000110   0x00000018   Zero   RW         1221    .bss                py32f002b_hal_flash.o
    0x20000128   0x00000400   Zero   RW            1    STACK               startup_py32f002bxx.o


==============================================================================

Image component sizes


      Code (inc. data)   RO Data    RW Data    ZI Data      Debug   Object Name

      2048        190          0         28         12       6787   func.o
       506         28          0         30          0       2888   hc595.o
       436         26          0          0         36       3479   key_drive.o
       144         28          0          1          0       1906   key_event.o
       164          6          0          0          0       1318   main.o
       120         12          0          0          0       1332   mixt.o
       158         28          0         12          0       3037   py32f002b_hal.o
       218         26          0          0          0       9093   py32f002b_hal_cortex.o
      1388        102         32          0         24      16991   py32f002b_hal_flash.o
       466          8          0          0          0       2723   py32f002b_hal_gpio.o
       252         24          0          0          0       8505   py32f002b_hal_msp.o
      1576         72         32          0          0       3392   py32f002b_hal_rcc.o
       652          8          0          0          0       5155   py32f002b_hal_tim.o
         4          0          0          0          0       1417   py32f002b_hal_tim_ex.o
        34          6          0          0          0       2488   py32f002b_it.o
       716         80          0          0        144       4955   remote.o
        28          8        192          0       1024        592   startup_py32f002bxx.o
       104         20        128          4          0       1628   system_py32f002b.o
         2          0          0          0          0        422   usart.o
       264         46          0          0          0     186815   userflash.o

    ----------------------------------------------------------------------
      9300        718        416         76       1240     264923   Object Totals
         0          0         32          0          0          0   (incl. Generated)
        20          0          0          1          0          0   (incl. Padding)

    ----------------------------------------------------------------------

      Code (inc. data)   RO Data    RW Data    ZI Data      Debug   Library Member Name

         0          0          0          0          0          0   entry.o
         0          0          0          0          0          0   entry10a.o
         0          0          0          0          0          0   entry11a.o
         8          4          0          0          0          0   entry2.o
         4          0          0          0          0          0   entry5.o
         0          0          0          0          0          0   entry7b.o
         0          0          0          0          0          0   entry8b.o
         8          4          0          0          0          0   entry9a.o
        18          0          0          0          0         72   fputc.o
        30          0          0          0          0          0   handlers.o
        40          0          0          0          0         72   idiv.o
        36          8          0          0          0         68   init.o
         0          0          0          0          0          0   iusesemip.o
        36          0          0          0          0         60   memcpya.o
        36          0          0          0          0        100   memseta.o
       368         12          0          0          0        168   printf1.o
         0          0          0          0          0          0   semi.o
         0          0          0          4          0          0   stdout.o
        44          0          0          0          0         72   uidiv.o

    ----------------------------------------------------------------------
       632         28          0          4          0        612   Library Totals
         4          0          0          0          0          0   (incl. Padding)

    ----------------------------------------------------------------------

      Code (inc. data)   RO Data    RW Data    ZI Data      Debug   Library Name

       628         28          0          4          0        612   mc_p.l

    ----------------------------------------------------------------------
       632         28          0          4          0        612   Library Totals

    ----------------------------------------------------------------------

==============================================================================


      Code (inc. data)   RO Data    RW Data    ZI Data      Debug   

      9932        746        416         80       1240     262035   Grand Totals
      9932        746        416         80       1240     262035   ELF Image Totals
      9932        746        416         80          0          0   ROM Totals

==============================================================================

    Total RO  Size (Code + RO Data)                10348 (  10.11kB)
    Total RW  Size (RW Data + ZI Data)              1320 (   1.29kB)
    Total ROM Size (Code + RO Data + RW Data)      10428 (  10.18kB)

==============================================================================

